notebooks/01_pre-processing/01_create-anndata.ipynb:cell_1:4:1: F401 'numpy as np' imported but unused
notebooks/01_pre-processing/01_create-anndata.ipynb:cell_1:6:1: F401 'anndata as ad' imported but unused
notebooks/01_pre-processing/01_create-anndata.ipynb:cell_1:8:1: F401 'squidpy as sq' imported but unused
notebooks/01_pre-processing/01_create-anndata.ipynb:cell_1:10:1: F401 'seaborn as sns' imported but unused
notebooks/01_pre-processing/01_create-anndata.ipynb:cell_5:17:80: E501 line too long (85 > 79 characters)
notebooks/01_pre-processing/01_create-anndata.ipynb:cell_6:6:80: E501 line too long (85 > 79 characters)
notebooks/01_pre-processing/01_create-anndata.ipynb:cell_8:10:80: E501 line too long (81 > 79 characters)
notebooks/01_pre-processing/01_create-anndata.ipynb:cell_10:1:44: F811 redefinition of unused 'ad' from line 7
notebooks/01_pre-processing/01_create-anndata.ipynb:cell_11:6:80: E501 line too long (82 > 79 characters)
notebooks/01_pre-processing/01_create-anndata.ipynb:cell_11:18:80: E501 line too long (83 > 79 characters)
notebooks/01_pre-processing/01_create-anndata.ipynb:cell_11:26:80: E501 line too long (88 > 79 characters)
notebooks/01_pre-processing/01_create-anndata.ipynb:cell_11:33:80: E501 line too long (88 > 79 characters)
notebooks/01_pre-processing/01_create-anndata.ipynb:cell_11:40:80: E501 line too long (86 > 79 characters)
notebooks/01_pre-processing/02_qc-filters.ipynb:cell_2:1:1: E402 module level import not at top of file
notebooks/01_pre-processing/02_qc-filters.ipynb:cell_2:2:1: E402 module level import not at top of file
notebooks/01_pre-processing/02_qc-filters.ipynb:cell_2:3:1: E402 module level import not at top of file
notebooks/01_pre-processing/02_qc-filters.ipynb:cell_2:4:1: F401 'numpy as np' imported but unused
notebooks/01_pre-processing/02_qc-filters.ipynb:cell_2:4:1: E402 module level import not at top of file
notebooks/01_pre-processing/02_qc-filters.ipynb:cell_2:5:1: F401 'pandas as pd' imported but unused
notebooks/01_pre-processing/02_qc-filters.ipynb:cell_2:5:1: E402 module level import not at top of file
notebooks/01_pre-processing/02_qc-filters.ipynb:cell_2:6:1: E402 module level import not at top of file
notebooks/01_pre-processing/02_qc-filters.ipynb:cell_2:7:1: E402 module level import not at top of file
notebooks/01_pre-processing/02_qc-filters.ipynb:cell_2:8:1: E402 module level import not at top of file
notebooks/01_pre-processing/02_qc-filters.ipynb:cell_2:9:1: E402 module level import not at top of file
notebooks/01_pre-processing/02_qc-filters.ipynb:cell_5:10:80: E501 line too long (84 > 79 characters)
notebooks/01_pre-processing/02_qc-filters.ipynb:cell_8:4:80: E501 line too long (82 > 79 characters)
notebooks/01_pre-processing/02_qc-filters.ipynb:cell_8:7:80: E501 line too long (86 > 79 characters)
notebooks/01_pre-processing/02_qc-filters.ipynb:cell_9:4:80: E501 line too long (84 > 79 characters)
notebooks/01_pre-processing/02_qc-filters.ipynb:cell_9:6:80: E501 line too long (85 > 79 characters)
notebooks/01_pre-processing/02_qc-filters.ipynb:cell_9:8:80: E501 line too long (88 > 79 characters)
notebooks/01_pre-processing/03_qc-figs.ipynb:cell_1:5:1: F401 'warnings' imported but unused
notebooks/01_pre-processing/03_qc-figs.ipynb:cell_1:8:1: F401 'sys' imported but unused
notebooks/01_pre-processing/03_qc-figs.ipynb:cell_1:9:1: F401 'anndata as ad' imported but unused
notebooks/01_pre-processing/03_qc-figs.ipynb:cell_1:10:1: F401 'session_info' imported but unused
notebooks/01_pre-processing/03_qc-figs.ipynb:cell_8:21:80: E501 line too long (82 > 79 characters)
notebooks/01_pre-processing/03_qc-figs.ipynb:cell_9:2:80: E501 line too long (86 > 79 characters)
notebooks/01_pre-processing/03_qc-figs.ipynb:cell_9:36:80: E501 line too long (85 > 79 characters)
notebooks/01_pre-processing/03_qc-figs.ipynb:cell_10:1:1: E402 module level import not at top of file
notebooks/01_pre-processing/03_qc-figs.ipynb:cell_10:11:9: E741 ambiguous variable name 'l'
notebooks/01_pre-processing/03_qc-figs.ipynb:cell_14:2:80: E501 line too long (87 > 79 characters)
notebooks/01_pre-processing/03_qc-figs.ipynb:cell_15:1:1: E402 module level import not at top of file
notebooks/01_pre-processing/03_qc-figs.ipynb:cell_15:2:1: E402 module level import not at top of file
notebooks/01_pre-processing/03_qc-figs.ipynb:cell_15:3:1: E402 module level import not at top of file
notebooks/01_pre-processing/03_qc-figs.ipynb:cell_22:2:80: E501 line too long (80 > 79 characters)
notebooks/01_pre-processing/03_qc-figs.ipynb:cell_22:3:80: E501 line too long (88 > 79 characters)
notebooks/02_integration/01_scvi.ipynb:cell_2:1:1: E402 module level import not at top of file
notebooks/02_integration/01_scvi.ipynb:cell_2:2:1: E402 module level import not at top of file
notebooks/02_integration/01_scvi.ipynb:cell_2:3:1: E402 module level import not at top of file
notebooks/02_integration/01_scvi.ipynb:cell_2:4:1: E402 module level import not at top of file
notebooks/02_integration/01_scvi.ipynb:cell_2:5:1: E402 module level import not at top of file
notebooks/02_integration/01_scvi.ipynb:cell_2:6:1: E402 module level import not at top of file
notebooks/02_integration/01_scvi.ipynb:cell_2:7:1: F401 'collections.Counter' imported but unused
notebooks/02_integration/01_scvi.ipynb:cell_2:7:1: E402 module level import not at top of file
notebooks/02_integration/01_scvi.ipynb:cell_2:8:1: F401 'anndata as ad' imported but unused
notebooks/02_integration/01_scvi.ipynb:cell_2:8:1: E402 module level import not at top of file
notebooks/02_integration/01_scvi.ipynb:cell_2:9:1: E402 module level import not at top of file
notebooks/02_integration/01_scvi.ipynb:cell_2:10:1: E402 module level import not at top of file
notebooks/02_integration/01_scvi.ipynb:cell_2:11:1: E402 module level import not at top of file
notebooks/02_integration/01_scvi.ipynb:cell_2:12:1: F401 'torch' imported but unused
notebooks/02_integration/01_scvi.ipynb:cell_2:12:1: E402 module level import not at top of file
notebooks/02_integration/01_scvi.ipynb:cell_2:13:1: E402 module level import not at top of file
notebooks/02_integration/01_scvi.ipynb:cell_2:14:1: E402 module level import not at top of file
notebooks/02_integration/01_scvi.ipynb:cell_11:3:80: E501 line too long (85 > 79 characters)
notebooks/02_integration/01_scvi.ipynb:cell_12:1:80: E501 line too long (84 > 79 characters)
notebooks/02_integration/01_scvi.ipynb:cell_12:29:80: E501 line too long (86 > 79 characters)
notebooks/02_integration/02_clustering.ipynb:cell_2:1:1: E402 module level import not at top of file
notebooks/02_integration/02_clustering.ipynb:cell_2:2:1: E402 module level import not at top of file
notebooks/02_integration/02_clustering.ipynb:cell_2:3:1: E402 module level import not at top of file
notebooks/02_integration/02_clustering.ipynb:cell_2:4:1: E402 module level import not at top of file
notebooks/02_integration/02_clustering.ipynb:cell_2:5:1: F401 'scipy.sparse.issparse' imported but unused
notebooks/02_integration/02_clustering.ipynb:cell_2:5:1: F401 'scipy.sparse.csr_matrix' imported but unused
notebooks/02_integration/02_clustering.ipynb:cell_2:5:1: E402 module level import not at top of file
notebooks/02_integration/02_clustering.ipynb:cell_2:6:1: E402 module level import not at top of file
notebooks/02_integration/02_clustering.ipynb:cell_2:7:1: F811 redefinition of unused 'np' from line 11
notebooks/02_integration/02_clustering.ipynb:cell_2:7:1: E402 module level import not at top of file
notebooks/02_integration/02_clustering.ipynb:cell_2:8:1: F401 'anndata as ad' imported but unused
notebooks/02_integration/02_clustering.ipynb:cell_2:8:1: E402 module level import not at top of file
notebooks/02_integration/02_clustering.ipynb:cell_2:9:1: E402 module level import not at top of file
notebooks/02_integration/02_clustering.ipynb:cell_2:10:1: E402 module level import not at top of file
notebooks/02_integration/02_clustering.ipynb:cell_2:11:1: E402 module level import not at top of file
notebooks/02_integration/02_clustering.ipynb:cell_2:12:1: E402 module level import not at top of file
notebooks/02_integration/02_clustering.ipynb:cell_6:4:80: E501 line too long (85 > 79 characters)
notebooks/02_integration/02_clustering.ipynb:cell_9:3:80: E501 line too long (88 > 79 characters)
notebooks/02_integration/02_clustering.ipynb:cell_14:2:80: E501 line too long (80 > 79 characters)
notebooks/03_cell-labels/00_reference-dataset.ipynb:cell_1:6:1: F401 'pandas as pd' imported but unused
notebooks/03_cell-labels/00_reference-dataset.ipynb:cell_1:9:1: F401 'collections.Counter' imported but unused
notebooks/03_cell-labels/00_reference-dataset.ipynb:cell_1:13:1: F401 'torch' imported but unused
notebooks/03_cell-labels/00_reference-dataset.ipynb:cell_3:7:80: E501 line too long (88 > 79 characters)
notebooks/03_cell-labels/00_reference-dataset.ipynb:cell_10:6:80: E501 line too long (85 > 79 characters)
notebooks/03_cell-labels/00_reference-dataset.ipynb:cell_13:3:80: E501 line too long (86 > 79 characters)
notebooks/03_cell-labels/00_reference-dataset.ipynb:cell_17:2:80: E501 line too long (80 > 79 characters)
notebooks/03_cell-labels/00_reference-dataset.ipynb:cell_19:2:80: E501 line too long (82 > 79 characters)
notebooks/03_cell-labels/00_reference-dataset.ipynb:cell_21:1:80: E501 line too long (90 > 79 characters)
notebooks/03_cell-labels/01_scanvi-labels.ipynb:cell_2:1:1: E402 module level import not at top of file
notebooks/03_cell-labels/01_scanvi-labels.ipynb:cell_2:2:1: E402 module level import not at top of file
notebooks/03_cell-labels/01_scanvi-labels.ipynb:cell_2:3:1: E402 module level import not at top of file
notebooks/03_cell-labels/01_scanvi-labels.ipynb:cell_2:4:1: F401 'scipy.sparse.issparse' imported but unused
notebooks/03_cell-labels/01_scanvi-labels.ipynb:cell_2:4:1: E402 module level import not at top of file
notebooks/03_cell-labels/01_scanvi-labels.ipynb:cell_2:5:1: E402 module level import not at top of file
notebooks/03_cell-labels/01_scanvi-labels.ipynb:cell_2:6:1: E402 module level import not at top of file
notebooks/03_cell-labels/01_scanvi-labels.ipynb:cell_2:7:1: E402 module level import not at top of file
notebooks/03_cell-labels/01_scanvi-labels.ipynb:cell_2:8:1: E402 module level import not at top of file
notebooks/03_cell-labels/01_scanvi-labels.ipynb:cell_2:9:1: F401 'collections.Counter' imported but unused
notebooks/03_cell-labels/01_scanvi-labels.ipynb:cell_2:9:1: E402 module level import not at top of file
notebooks/03_cell-labels/01_scanvi-labels.ipynb:cell_2:10:1: E402 module level import not at top of file
notebooks/03_cell-labels/01_scanvi-labels.ipynb:cell_2:11:1: E402 module level import not at top of file
notebooks/03_cell-labels/01_scanvi-labels.ipynb:cell_2:12:1: E402 module level import not at top of file
notebooks/03_cell-labels/01_scanvi-labels.ipynb:cell_2:13:1: F401 'torch' imported but unused
notebooks/03_cell-labels/01_scanvi-labels.ipynb:cell_2:13:1: E402 module level import not at top of file
notebooks/03_cell-labels/01_scanvi-labels.ipynb:cell_2:14:1: E402 module level import not at top of file
notebooks/03_cell-labels/01_scanvi-labels.ipynb:cell_2:15:1: E402 module level import not at top of file
notebooks/03_cell-labels/01_scanvi-labels.ipynb:cell_4:4:80: E501 line too long (114 > 79 characters)
notebooks/03_cell-labels/01_scanvi-labels.ipynb:cell_6:2:80: E501 line too long (88 > 79 characters)
notebooks/03_cell-labels/01_scanvi-labels.ipynb:cell_7:1:80: E501 line too long (80 > 79 characters)
notebooks/03_cell-labels/01_scanvi-labels.ipynb:cell_23:1:80: E501 line too long (85 > 79 characters)
notebooks/03_cell-labels/01_scanvi-labels.ipynb:cell_24:2:80: E501 line too long (106 > 79 characters)
notebooks/03_cell-labels/01_scanvi-labels.ipynb:cell_25:3:80: E501 line too long (94 > 79 characters)
notebooks/03_cell-labels/01_scanvi-labels.ipynb:cell_26:2:80: E501 line too long (106 > 79 characters)
notebooks/03_cell-labels/01_scanvi-labels.ipynb:cell_31:2:80: E501 line too long (88 > 79 characters)
notebooks/03_cell-labels/01_scanvi-labels.ipynb:cell_31:3:80: E501 line too long (85 > 79 characters)
notebooks/03_cell-labels/01_scanvi-labels.ipynb:cell_35:3:80: E501 line too long (80 > 79 characters)
notebooks/03_cell-labels/01_scanvi-labels.ipynb:cell_41:3:80: E501 line too long (87 > 79 characters)
notebooks/03_cell-labels/01_scanvi-labels.ipynb:cell_45:11:80: E501 line too long (102 > 79 characters)
notebooks/03_cell-labels/01_scanvi-labels.ipynb:cell_47:2:80: E501 line too long (81 > 79 characters)
notebooks/03_cell-labels/01_scanvi-labels.ipynb:cell_50:1:80: E501 line too long (80 > 79 characters)
notebooks/03_cell-labels/01_scanvi-labels.ipynb:cell_55:2:1: E266 too many leading '#' for block comment
notebooks/03_cell-labels/01_scanvi-labels.ipynb:cell_55:14:80: E501 line too long (87 > 79 characters)
notebooks/03_cell-labels/01_scanvi-labels.ipynb:cell_65:1:1: F811 redefinition of unused 'np' from line 14
notebooks/03_cell-labels/01_scanvi-labels.ipynb:cell_65:1:1: E402 module level import not at top of file
notebooks/03_cell-labels/01_scanvi-labels.ipynb:cell_65:2:1: E402 module level import not at top of file
notebooks/03_cell-labels/01_scanvi-labels.ipynb:cell_65:3:1: E402 module level import not at top of file
notebooks/03_cell-labels/01_scanvi-labels.ipynb:cell_65:10:80: E501 line too long (86 > 79 characters)
notebooks/03_cell-labels/01_scanvi-labels.ipynb:cell_66:24:80: E501 line too long (81 > 79 characters)
notebooks/03_cell-labels/01_scanvi-labels.ipynb:cell_68:1:1: F811 redefinition of unused 'np' from line 451
notebooks/03_cell-labels/01_scanvi-labels.ipynb:cell_68:1:1: E402 module level import not at top of file
notebooks/03_cell-labels/01_scanvi-labels.ipynb:cell_68:2:1: E402 module level import not at top of file
notebooks/03_cell-labels/01_scanvi-labels.ipynb:cell_68:27:80: E501 line too long (81 > 79 characters)
notebooks/03_cell-labels/01_scanvi-labels.ipynb:cell_68:48:80: E501 line too long (86 > 79 characters)
notebooks/03_cell-labels/02_export-anndata.ipynb:cell_1:6:1: F401 'scipy.sparse.csr_matrix' imported but unused
notebooks/03_cell-labels/02_export-anndata.ipynb:cell_1:7:1: F811 redefinition of unused 'pd' from line 4
notebooks/03_cell-labels/02_export-anndata.ipynb:cell_1:8:1: F811 redefinition of unused 'scipy' from line 6
notebooks/03_cell-labels/02_export-anndata.ipynb:cell_1:10:1: F811 redefinition of unused 'Path' from line 3
notebooks/03_cell-labels/02_export-anndata.ipynb:cell_1:11:15: E401 multiple imports on one line
notebooks/03_cell-labels/02_export-anndata.ipynb:cell_1:12:1: F401 'session_info' imported but unused
notebooks/03_cell-labels/02_export-anndata.ipynb:cell_2:4:80: E501 line too long (114 > 79 characters)
notebooks/03_cell-labels/02_export-anndata.ipynb:cell_5:3:80: E501 line too long (88 > 79 characters)
notebooks/03_cell-labels/02_export-anndata.ipynb:cell_9:5:80: E501 line too long (83 > 79 characters)
notebooks/03_cell-labels/02_export-anndata.ipynb:cell_12:24:80: E501 line too long (85 > 79 characters)
notebooks/03_cell-labels/05_merge-annotations.ipynb:cell_1:5:1: F401 'numpy as np' imported but unused
notebooks/03_cell-labels/05_merge-annotations.ipynb:cell_1:6:1: F401 'anndata as ad' imported but unused
notebooks/03_cell-labels/05_merge-annotations.ipynb:cell_1:7:1: F401 'warnings' imported but unused
notebooks/03_cell-labels/05_merge-annotations.ipynb:cell_2:3:1: E402 module level import not at top of file
notebooks/03_cell-labels/05_merge-annotations.ipynb:cell_13:1:80: E501 line too long (111 > 79 characters)
notebooks/03_cell-labels/05_merge-annotations.ipynb:cell_13:7:80: E501 line too long (84 > 79 characters)
notebooks/03_cell-labels/05_merge-annotations.ipynb:cell_15:1:80: E501 line too long (87 > 79 characters)
notebooks/03_cell-labels/05_merge-annotations.ipynb:cell_16:1:1: F811 redefinition of unused 'plt' from line 9
notebooks/03_cell-labels/05_merge-annotations.ipynb:cell_16:1:1: E402 module level import not at top of file
notebooks/03_cell-labels/06_gaussian-fit.ipynb:cell_2:1:1: E402 module level import not at top of file
notebooks/03_cell-labels/06_gaussian-fit.ipynb:cell_2:2:1: E402 module level import not at top of file
notebooks/03_cell-labels/06_gaussian-fit.ipynb:cell_2:3:1: E402 module level import not at top of file
notebooks/03_cell-labels/06_gaussian-fit.ipynb:cell_2:4:1: F401 'pandas as pd' imported but unused
notebooks/03_cell-labels/06_gaussian-fit.ipynb:cell_2:4:1: E402 module level import not at top of file
notebooks/03_cell-labels/06_gaussian-fit.ipynb:cell_2:5:1: E402 module level import not at top of file
notebooks/03_cell-labels/06_gaussian-fit.ipynb:cell_2:6:1: E402 module level import not at top of file
notebooks/03_cell-labels/06_gaussian-fit.ipynb:cell_2:7:1: E402 module level import not at top of file
notebooks/03_cell-labels/06_gaussian-fit.ipynb:cell_2:8:1: F401 'matplotlib.lines as mlines' imported but unused
notebooks/03_cell-labels/06_gaussian-fit.ipynb:cell_2:8:1: E402 module level import not at top of file
notebooks/03_cell-labels/06_gaussian-fit.ipynb:cell_2:9:1: F401 'matplotlib.patches as mpatches' imported but unused
notebooks/03_cell-labels/06_gaussian-fit.ipynb:cell_2:9:1: E402 module level import not at top of file
notebooks/03_cell-labels/06_gaussian-fit.ipynb:cell_2:10:1: F401 'sklearn.mixture.GaussianMixture' imported but unused
notebooks/03_cell-labels/06_gaussian-fit.ipynb:cell_2:10:1: E402 module level import not at top of file
notebooks/03_cell-labels/06_gaussian-fit.ipynb:cell_2:11:1: E402 module level import not at top of file
notebooks/03_cell-labels/06_gaussian-fit.ipynb:cell_2:12:1: F401 'scipy.sparse' imported but unused
notebooks/03_cell-labels/06_gaussian-fit.ipynb:cell_2:12:1: E402 module level import not at top of file
notebooks/03_cell-labels/06_gaussian-fit.ipynb:cell_2:13:1: F401 'warnings' imported but unused
notebooks/03_cell-labels/06_gaussian-fit.ipynb:cell_2:13:1: E402 module level import not at top of file
notebooks/03_cell-labels/06_gaussian-fit.ipynb:cell_2:14:1: F401 'session_info' imported but unused
notebooks/03_cell-labels/06_gaussian-fit.ipynb:cell_2:14:1: E402 module level import not at top of file
notebooks/03_cell-labels/06_gaussian-fit.ipynb:cell_2:15:1: E402 module level import not at top of file
notebooks/03_cell-labels/06_gaussian-fit.ipynb:cell_4:3:1: E402 module level import not at top of file
notebooks/03_cell-labels/06_gaussian-fit.ipynb:cell_5:2:80: E501 line too long (81 > 79 characters)
notebooks/03_cell-labels/06_gaussian-fit.ipynb:cell_5:3:80: E501 line too long (82 > 79 characters)
notebooks/03_cell-labels/06_gaussian-fit.ipynb:cell_7:3:5: F402 import 'ad' from line 13 shadowed by loop variable
notebooks/03_cell-labels/06_gaussian-fit.ipynb:cell_7:4:80: E501 line too long (86 > 79 characters)
notebooks/03_cell-labels/06_gaussian-fit.ipynb:cell_11:34:80: E501 line too long (85 > 79 characters)
notebooks/03_cell-labels/06_gaussian-fit.ipynb:cell_14:2:80: E501 line too long (87 > 79 characters)
notebooks/04_global/01_global-mapping.ipynb:cell_2:1:1: E402 module level import not at top of file
notebooks/04_global/01_global-mapping.ipynb:cell_2:2:1: F401 'os' imported but unused
notebooks/04_global/01_global-mapping.ipynb:cell_2:2:1: E402 module level import not at top of file
notebooks/04_global/01_global-mapping.ipynb:cell_2:3:1: E402 module level import not at top of file
notebooks/04_global/01_global-mapping.ipynb:cell_2:4:1: E402 module level import not at top of file
notebooks/04_global/01_global-mapping.ipynb:cell_2:5:1: E402 module level import not at top of file
notebooks/04_global/01_global-mapping.ipynb:cell_2:6:1: F401 'anndata as ad' imported but unused
notebooks/04_global/01_global-mapping.ipynb:cell_2:6:1: E402 module level import not at top of file
notebooks/04_global/01_global-mapping.ipynb:cell_2:7:1: E402 module level import not at top of file
notebooks/04_global/01_global-mapping.ipynb:cell_2:8:1: F401 'matplotlib.lines as mlines' imported but unused
notebooks/04_global/01_global-mapping.ipynb:cell_2:8:1: E402 module level import not at top of file
notebooks/04_global/01_global-mapping.ipynb:cell_2:9:1: F401 'matplotlib.patches as mpatches' imported but unused
notebooks/04_global/01_global-mapping.ipynb:cell_2:9:1: E402 module level import not at top of file
notebooks/04_global/01_global-mapping.ipynb:cell_2:10:1: F401 'sklearn.mixture.GaussianMixture' imported but unused
notebooks/04_global/01_global-mapping.ipynb:cell_2:10:1: E402 module level import not at top of file
notebooks/04_global/01_global-mapping.ipynb:cell_2:11:1: E402 module level import not at top of file
notebooks/04_global/01_global-mapping.ipynb:cell_2:12:1: F401 'scipy.sparse' imported but unused
notebooks/04_global/01_global-mapping.ipynb:cell_2:12:1: E402 module level import not at top of file
notebooks/04_global/01_global-mapping.ipynb:cell_2:13:1: F401 'warnings' imported but unused
notebooks/04_global/01_global-mapping.ipynb:cell_2:13:1: E402 module level import not at top of file
notebooks/04_global/01_global-mapping.ipynb:cell_2:14:1: F401 'session_info' imported but unused
notebooks/04_global/01_global-mapping.ipynb:cell_2:14:1: E402 module level import not at top of file
notebooks/04_global/01_global-mapping.ipynb:cell_2:15:1: E402 module level import not at top of file
notebooks/04_global/01_global-mapping.ipynb:cell_4:3:1: E402 module level import not at top of file
notebooks/04_global/01_global-mapping.ipynb:cell_8:25:80: E501 line too long (82 > 79 characters)
notebooks/04_global/01_global-mapping.ipynb:cell_10:1:1: E402 module level import not at top of file
notebooks/04_global/01_global-mapping.ipynb:cell_11:3:1: F821 undefined name 'display'
notebooks/04_global/01_global-mapping.ipynb:cell_11:12:1: F821 undefined name 'display'
notebooks/04_global/01_global-mapping.ipynb:cell_12:3:1: F821 undefined name 'display'
notebooks/04_global/01_global-mapping.ipynb:cell_12:12:1: F821 undefined name 'display'
notebooks/04_global/01_global-mapping.ipynb:cell_16:5:80: E501 line too long (86 > 79 characters)
notebooks/04_global/01_global-mapping.ipynb:cell_18:14:80: E501 line too long (82 > 79 characters)
notebooks/04_global/01_global-mapping.ipynb:cell_18:24:80: E501 line too long (82 > 79 characters)
notebooks/04_global/01_global-mapping.ipynb:cell_18:33:80: E501 line too long (82 > 79 characters)
notebooks/04_global/01_global-mapping.ipynb:cell_20:12:80: E501 line too long (87 > 79 characters)
notebooks/05_neurons/01_scvi-neurons.ipynb:cell_2:1:1: E402 module level import not at top of file
notebooks/05_neurons/01_scvi-neurons.ipynb:cell_2:2:1: E402 module level import not at top of file
notebooks/05_neurons/01_scvi-neurons.ipynb:cell_2:3:1: E402 module level import not at top of file
notebooks/05_neurons/01_scvi-neurons.ipynb:cell_2:4:1: E402 module level import not at top of file
notebooks/05_neurons/01_scvi-neurons.ipynb:cell_2:5:1: E402 module level import not at top of file
notebooks/05_neurons/01_scvi-neurons.ipynb:cell_2:6:1: E402 module level import not at top of file
notebooks/05_neurons/01_scvi-neurons.ipynb:cell_2:7:1: F401 'collections.Counter' imported but unused
notebooks/05_neurons/01_scvi-neurons.ipynb:cell_2:7:1: E402 module level import not at top of file
notebooks/05_neurons/01_scvi-neurons.ipynb:cell_2:8:1: F401 'anndata as ad' imported but unused
notebooks/05_neurons/01_scvi-neurons.ipynb:cell_2:8:1: E402 module level import not at top of file
notebooks/05_neurons/01_scvi-neurons.ipynb:cell_2:9:1: E402 module level import not at top of file
notebooks/05_neurons/01_scvi-neurons.ipynb:cell_2:10:1: E402 module level import not at top of file
notebooks/05_neurons/01_scvi-neurons.ipynb:cell_2:11:1: E402 module level import not at top of file
notebooks/05_neurons/01_scvi-neurons.ipynb:cell_2:12:1: F401 'torch' imported but unused
notebooks/05_neurons/01_scvi-neurons.ipynb:cell_2:12:1: E402 module level import not at top of file
notebooks/05_neurons/01_scvi-neurons.ipynb:cell_2:13:1: E402 module level import not at top of file
notebooks/05_neurons/01_scvi-neurons.ipynb:cell_2:14:1: E402 module level import not at top of file
notebooks/05_neurons/01_scvi-neurons.ipynb:cell_4:3:1: E402 module level import not at top of file
notebooks/05_neurons/01_scvi-neurons.ipynb:cell_7:1:80: E501 line too long (85 > 79 characters)
notebooks/05_neurons/01_scvi-neurons.ipynb:cell_14:3:80: E501 line too long (85 > 79 characters)
notebooks/05_neurons/01_scvi-neurons.ipynb:cell_15:1:80: E501 line too long (84 > 79 characters)
notebooks/05_neurons/01_scvi-neurons.ipynb:cell_15:31:80: E501 line too long (86 > 79 characters)
notebooks/05_neurons/02_recluster-neurons.ipynb:cell_2:1:1: E402 module level import not at top of file
notebooks/05_neurons/02_recluster-neurons.ipynb:cell_2:2:1: E402 module level import not at top of file
notebooks/05_neurons/02_recluster-neurons.ipynb:cell_2:3:1: E402 module level import not at top of file
notebooks/05_neurons/02_recluster-neurons.ipynb:cell_2:4:1: E402 module level import not at top of file
notebooks/05_neurons/02_recluster-neurons.ipynb:cell_2:5:1: F401 'numpy as np' imported but unused
notebooks/05_neurons/02_recluster-neurons.ipynb:cell_2:5:1: E402 module level import not at top of file
notebooks/05_neurons/02_recluster-neurons.ipynb:cell_2:6:1: F401 'anndata as ad' imported but unused
notebooks/05_neurons/02_recluster-neurons.ipynb:cell_2:6:1: E402 module level import not at top of file
notebooks/05_neurons/02_recluster-neurons.ipynb:cell_2:7:1: E402 module level import not at top of file
notebooks/05_neurons/02_recluster-neurons.ipynb:cell_2:8:1: F401 'matplotlib.lines as mlines' imported but unused
notebooks/05_neurons/02_recluster-neurons.ipynb:cell_2:8:1: E402 module level import not at top of file
notebooks/05_neurons/02_recluster-neurons.ipynb:cell_2:9:1: F401 'matplotlib.patches as mpatches' imported but unused
notebooks/05_neurons/02_recluster-neurons.ipynb:cell_2:9:1: E402 module level import not at top of file
notebooks/05_neurons/02_recluster-neurons.ipynb:cell_2:10:1: E402 module level import not at top of file
notebooks/05_neurons/02_recluster-neurons.ipynb:cell_2:11:1: E402 module level import not at top of file
notebooks/05_neurons/02_recluster-neurons.ipynb:cell_2:12:1: F401 'scipy.sparse' imported but unused
notebooks/05_neurons/02_recluster-neurons.ipynb:cell_2:12:1: E402 module level import not at top of file
notebooks/05_neurons/02_recluster-neurons.ipynb:cell_2:13:1: F401 'warnings' imported but unused
notebooks/05_neurons/02_recluster-neurons.ipynb:cell_2:13:1: E402 module level import not at top of file
notebooks/05_neurons/02_recluster-neurons.ipynb:cell_2:14:1: E402 module level import not at top of file
notebooks/05_neurons/02_recluster-neurons.ipynb:cell_2:15:1: E402 module level import not at top of file
notebooks/05_neurons/02_recluster-neurons.ipynb:cell_4:3:1: E402 module level import not at top of file
notebooks/05_neurons/02_recluster-neurons.ipynb:cell_13:23:80: E501 line too long (80 > 79 characters)
notebooks/05_neurons/02_recluster-neurons.ipynb:cell_14:1:80: E501 line too long (80 > 79 characters)
notebooks/05_neurons/02_recluster-neurons.ipynb:cell_15:1:80: E501 line too long (82 > 79 characters)
notebooks/05_neurons/02_recluster-neurons.ipynb:cell_16:23:80: E501 line too long (80 > 79 characters)
notebooks/05_neurons/02_recluster-neurons.ipynb:cell_17:1:80: E501 line too long (80 > 79 characters)
notebooks/05_neurons/02_recluster-neurons.ipynb:cell_18:1:80: E501 line too long (82 > 79 characters)
notebooks/05_neurons/02_recluster-neurons.ipynb:cell_29:2:80: E501 line too long (85 > 79 characters)
notebooks/05_neurons/02_recluster-neurons.ipynb:cell_34:3:80: E501 line too long (93 > 79 characters)
notebooks/05_neurons/02_recluster-neurons.ipynb:cell_37:1:1: E402 module level import not at top of file
notebooks/05_neurons/02_recluster-neurons.ipynb:cell_38:1:1: E402 module level import not at top of file
notebooks/05_neurons/02_recluster-neurons.ipynb:cell_41:1:1: E402 module level import not at top of file
notebooks/05_neurons/02_recluster-neurons.ipynb:cell_41:2:1: E402 module level import not at top of file
notebooks/05_neurons/02_recluster-neurons.ipynb:cell_41:16:80: E501 line too long (80 > 79 characters)
notebooks/05_neurons/02_recluster-neurons.ipynb:cell_43:1:1: E402 module level import not at top of file
notebooks/05_neurons/02_recluster-neurons.ipynb:cell_44:1:1: E402 module level import not at top of file
notebooks/05_neurons/02_recluster-neurons.ipynb:cell_44:2:1: E402 module level import not at top of file
notebooks/05_neurons/02_recluster-neurons.ipynb:cell_44:8:80: E501 line too long (88 > 79 characters)
notebooks/05_neurons/02_recluster-neurons.ipynb:cell_44:26:1: F821 undefined name 'display'
notebooks/05_neurons/02_recluster-neurons.ipynb:cell_49:1:1: E402 module level import not at top of file
notebooks/05_neurons/02_recluster-neurons.ipynb:cell_49:2:1: E402 module level import not at top of file
notebooks/05_neurons/02_recluster-neurons.ipynb:cell_49:18:80: E501 line too long (82 > 79 characters)
notebooks/05_neurons/02_recluster-neurons.ipynb:cell_49:45:5: F821 undefined name 'display'
notebooks/05_neurons/02_recluster-neurons.ipynb:cell_50:1:1: E402 module level import not at top of file
notebooks/05_neurons/02_recluster-neurons.ipynb:cell_50:2:1: E402 module level import not at top of file
notebooks/05_neurons/02_recluster-neurons.ipynb:cell_50:16:1: F821 undefined name 'display'
notebooks/05_neurons/02_recluster-neurons.ipynb:cell_51:1:1: E402 module level import not at top of file
notebooks/05_neurons/02_recluster-neurons.ipynb:cell_51:2:1: E402 module level import not at top of file
notebooks/05_neurons/02_recluster-neurons.ipynb:cell_51:24:1: F821 undefined name 'display'
notebooks/05_neurons/03_split-cgrp-gamma.ipynb:cell_2:1:1: E402 module level import not at top of file
notebooks/05_neurons/03_split-cgrp-gamma.ipynb:cell_2:2:1: E402 module level import not at top of file
notebooks/05_neurons/03_split-cgrp-gamma.ipynb:cell_2:3:1: E402 module level import not at top of file
notebooks/05_neurons/03_split-cgrp-gamma.ipynb:cell_2:4:1: E402 module level import not at top of file
notebooks/05_neurons/03_split-cgrp-gamma.ipynb:cell_2:5:1: F401 'pandas as pd' imported but unused
notebooks/05_neurons/03_split-cgrp-gamma.ipynb:cell_2:5:1: E402 module level import not at top of file
notebooks/05_neurons/03_split-cgrp-gamma.ipynb:cell_2:6:1: E402 module level import not at top of file
notebooks/05_neurons/03_split-cgrp-gamma.ipynb:cell_2:7:1: F401 'matplotlib.patches.Patch' imported but unused
notebooks/05_neurons/03_split-cgrp-gamma.ipynb:cell_2:7:1: E402 module level import not at top of file
notebooks/05_neurons/03_split-cgrp-gamma.ipynb:cell_2:8:1: F401 'matplotlib.patches as mpatches' imported but unused
notebooks/05_neurons/03_split-cgrp-gamma.ipynb:cell_2:8:1: E402 module level import not at top of file
notebooks/05_neurons/03_split-cgrp-gamma.ipynb:cell_2:9:1: F401 'matplotlib.colors as clr' imported but unused
notebooks/05_neurons/03_split-cgrp-gamma.ipynb:cell_2:9:1: E402 module level import not at top of file
notebooks/05_neurons/03_split-cgrp-gamma.ipynb:cell_2:10:1: F811 redefinition of unused 'plt' from line 13
notebooks/05_neurons/03_split-cgrp-gamma.ipynb:cell_2:10:1: E402 module level import not at top of file
notebooks/05_neurons/03_split-cgrp-gamma.ipynb:cell_2:11:1: E402 module level import not at top of file
notebooks/05_neurons/03_split-cgrp-gamma.ipynb:cell_2:12:1: E402 module level import not at top of file
notebooks/05_neurons/03_split-cgrp-gamma.ipynb:cell_2:13:1: F401 'math' imported but unused
notebooks/05_neurons/03_split-cgrp-gamma.ipynb:cell_2:13:1: E402 module level import not at top of file
notebooks/05_neurons/03_split-cgrp-gamma.ipynb:cell_2:14:1: F401 'matplotlib.colors.Normalize' imported but unused
notebooks/05_neurons/03_split-cgrp-gamma.ipynb:cell_2:14:1: E402 module level import not at top of file
notebooks/05_neurons/03_split-cgrp-gamma.ipynb:cell_2:15:1: F401 'matplotlib.cm' imported but unused
notebooks/05_neurons/03_split-cgrp-gamma.ipynb:cell_2:15:1: E402 module level import not at top of file
notebooks/05_neurons/03_split-cgrp-gamma.ipynb:cell_2:16:1: E402 module level import not at top of file
notebooks/05_neurons/03_split-cgrp-gamma.ipynb:cell_4:3:1: E402 module level import not at top of file
notebooks/05_neurons/03_split-cgrp-gamma.ipynb:cell_10:1:80: E501 line too long (84 > 79 characters)
notebooks/05_neurons/03_split-cgrp-gamma.ipynb:cell_10:3:39: E712 comparison to True should be 'if cond is True:' or 'if cond:'
notebooks/05_neurons/03_split-cgrp-gamma.ipynb:cell_10:4:32: E712 comparison to True should be 'if cond is True:' or 'if cond:'
notebooks/05_neurons/03_split-cgrp-gamma.ipynb:cell_10:4:78: E712 comparison to False should be 'if cond is False:' or 'if not cond:'
notebooks/05_neurons/03_split-cgrp-gamma.ipynb:cell_10:4:80: E501 line too long (87 > 79 characters)
notebooks/05_neurons/03_split-cgrp-gamma.ipynb:cell_10:5:35: E712 comparison to True should be 'if cond is True:' or 'if cond:'
notebooks/05_neurons/03_split-cgrp-gamma.ipynb:cell_10:6:42: E712 comparison to False should be 'if cond is False:' or 'if not cond:'
notebooks/05_neurons/03_split-cgrp-gamma.ipynb:cell_10:12:80: E501 line too long (81 > 79 characters)
notebooks/05_neurons/03_split-cgrp-gamma.ipynb:cell_11:10:80: E501 line too long (84 > 79 characters)
notebooks/05_neurons/03_split-cgrp-gamma.ipynb:cell_11:13:80: E501 line too long (86 > 79 characters)
notebooks/05_neurons/03_split-cgrp-gamma.ipynb:cell_12:24:80: E501 line too long (86 > 79 characters)
notebooks/05_neurons/03_split-cgrp-gamma.ipynb:cell_12:33:80: E501 line too long (83 > 79 characters)
notebooks/05_neurons/03_split-cgrp-gamma.ipynb:cell_13:1:1: E402 module level import not at top of file
notebooks/05_neurons/03_split-cgrp-gamma.ipynb:cell_17:2:80: E501 line too long (84 > 79 characters)
notebooks/05_neurons/03_split-cgrp-gamma.ipynb:cell_19:5:80: E501 line too long (80 > 79 characters)
notebooks/05_neurons/03_split-cgrp-gamma.ipynb:cell_19:7:80: E501 line too long (86 > 79 characters)
notebooks/05_neurons/03_split-cgrp-gamma.ipynb:cell_19:13:80: E501 line too long (88 > 79 characters)
notebooks/06_figures/01_matrixplot.ipynb:cell_2:1:1: E402 module level import not at top of file
notebooks/06_figures/01_matrixplot.ipynb:cell_2:2:1: E402 module level import not at top of file
notebooks/06_figures/01_matrixplot.ipynb:cell_2:3:1: F401 'os' imported but unused
notebooks/06_figures/01_matrixplot.ipynb:cell_2:3:1: E402 module level import not at top of file
notebooks/06_figures/01_matrixplot.ipynb:cell_2:4:1: E402 module level import not at top of file
notebooks/06_figures/01_matrixplot.ipynb:cell_2:5:1: F401 'pandas as pd' imported but unused
notebooks/06_figures/01_matrixplot.ipynb:cell_2:5:1: E402 module level import not at top of file
notebooks/06_figures/01_matrixplot.ipynb:cell_2:6:1: E402 module level import not at top of file
notebooks/06_figures/01_matrixplot.ipynb:cell_2:7:1: F401 'matplotlib.patches.Patch' imported but unused
notebooks/06_figures/01_matrixplot.ipynb:cell_2:7:1: E402 module level import not at top of file
notebooks/06_figures/01_matrixplot.ipynb:cell_2:8:1: F401 'matplotlib.colors as clr' imported but unused
notebooks/06_figures/01_matrixplot.ipynb:cell_2:8:1: E402 module level import not at top of file
notebooks/06_figures/01_matrixplot.ipynb:cell_2:9:1: F811 redefinition of unused 'plt' from line 13
notebooks/06_figures/01_matrixplot.ipynb:cell_2:9:1: E402 module level import not at top of file
notebooks/06_figures/01_matrixplot.ipynb:cell_2:10:1: E402 module level import not at top of file
notebooks/06_figures/01_matrixplot.ipynb:cell_2:11:1: F401 'matplotlib.colors as mcolors' imported but unused
notebooks/06_figures/01_matrixplot.ipynb:cell_2:11:1: E402 module level import not at top of file
notebooks/06_figures/01_matrixplot.ipynb:cell_2:13:1: F401 'matplotlib.colors.Normalize' imported but unused
notebooks/06_figures/01_matrixplot.ipynb:cell_2:13:1: E402 module level import not at top of file
notebooks/06_figures/01_matrixplot.ipynb:cell_2:14:1: F401 'matplotlib.cm' imported but unused
notebooks/06_figures/01_matrixplot.ipynb:cell_2:14:1: E402 module level import not at top of file
notebooks/06_figures/01_matrixplot.ipynb:cell_2:15:1: F401 'seaborn as sns' imported but unused
notebooks/06_figures/01_matrixplot.ipynb:cell_2:15:1: E402 module level import not at top of file
notebooks/06_figures/01_matrixplot.ipynb:cell_4:3:1: E402 module level import not at top of file
notebooks/06_figures/01_matrixplot.ipynb:cell_9:5:48: E712 comparison to True should be 'if cond is True:' or 'if cond:'
notebooks/06_figures/01_matrixplot.ipynb:cell_12:2:80: E501 line too long (80 > 79 characters)
notebooks/06_figures/01_matrixplot.ipynb:cell_13:15:80: E501 line too long (80 > 79 characters)
notebooks/06_figures/04_histograms.ipynb:cell_2:1:1: E402 module level import not at top of file
notebooks/06_figures/04_histograms.ipynb:cell_2:2:1: E402 module level import not at top of file
notebooks/06_figures/04_histograms.ipynb:cell_2:3:1: F401 'os' imported but unused
notebooks/06_figures/04_histograms.ipynb:cell_2:3:1: E402 module level import not at top of file
notebooks/06_figures/04_histograms.ipynb:cell_2:4:1: E402 module level import not at top of file
notebooks/06_figures/04_histograms.ipynb:cell_2:5:1: E402 module level import not at top of file
notebooks/06_figures/04_histograms.ipynb:cell_2:6:1: E402 module level import not at top of file
notebooks/06_figures/04_histograms.ipynb:cell_2:7:1: F401 'matplotlib.patches.Patch' imported but unused
notebooks/06_figures/04_histograms.ipynb:cell_2:7:1: E402 module level import not at top of file
notebooks/06_figures/04_histograms.ipynb:cell_2:8:1: E402 module level import not at top of file
notebooks/06_figures/04_histograms.ipynb:cell_2:9:1: F401 'matplotlib.colors as clr' imported but unused
notebooks/06_figures/04_histograms.ipynb:cell_2:9:1: E402 module level import not at top of file
notebooks/06_figures/04_histograms.ipynb:cell_2:10:1: F811 redefinition of unused 'plt' from line 13
notebooks/06_figures/04_histograms.ipynb:cell_2:10:1: E402 module level import not at top of file
notebooks/06_figures/04_histograms.ipynb:cell_2:11:1: E402 module level import not at top of file
notebooks/06_figures/04_histograms.ipynb:cell_2:12:1: F401 'matplotlib.colors as mcolors' imported but unused
notebooks/06_figures/04_histograms.ipynb:cell_2:12:1: E402 module level import not at top of file
notebooks/06_figures/04_histograms.ipynb:cell_2:13:1: E402 module level import not at top of file
notebooks/06_figures/04_histograms.ipynb:cell_2:14:1: F401 'matplotlib.colors.Normalize' imported but unused
notebooks/06_figures/04_histograms.ipynb:cell_2:14:1: E402 module level import not at top of file
notebooks/06_figures/04_histograms.ipynb:cell_2:15:1: F401 'matplotlib.cm' imported but unused
notebooks/06_figures/04_histograms.ipynb:cell_2:15:1: E402 module level import not at top of file
notebooks/06_figures/04_histograms.ipynb:cell_2:16:1: E402 module level import not at top of file
notebooks/06_figures/04_histograms.ipynb:cell_4:3:1: E402 module level import not at top of file
notebooks/06_figures/04_histograms.ipynb:cell_6:1:80: E501 line too long (80 > 79 characters)
notebooks/06_figures/04_histograms.ipynb:cell_7:17:80: E501 line too long (80 > 79 characters)
notebooks/06_figures/04_histograms.ipynb:cell_7:31:80: E501 line too long (84 > 79 characters)
notebooks/06_figures/04_histograms.ipynb:cell_8:2:80: E501 line too long (84 > 79 characters)
notebooks/06_figures/04_histograms.ipynb:cell_8:8:80: E501 line too long (82 > 79 characters)
notebooks/06_figures/04_histograms.ipynb:cell_8:17:80: E501 line too long (86 > 79 characters)
notebooks/06_figures/04_histograms.ipynb:cell_13:1:80: E501 line too long (87 > 79 characters)
notebooks/06_figures/04_histograms.ipynb:cell_14:9:80: E501 line too long (84 > 79 characters)
notebooks/06_figures/04_histograms.ipynb:cell_21:14:80: E501 line too long (84 > 79 characters)
notebooks/06_figures/04_histograms.ipynb:cell_21:15:80: E501 line too long (83 > 79 characters)
notebooks/06_figures/04_histograms.ipynb:cell_28:26:80: E501 line too long (84 > 79 characters)
notebooks/06_figures/04_histograms.ipynb:cell_28:27:80: E501 line too long (83 > 79 characters)
notebooks/06_figures/04_histograms.ipynb:cell_32:44:80: E501 line too long (84 > 79 characters)
notebooks/06_figures/04_histograms.ipynb:cell_32:45:80: E501 line too long (83 > 79 characters)
notebooks/06_figures/04_histograms.ipynb:cell_37:1:80: E501 line too long (88 > 79 characters)
notebooks/06_figures/2026-01-07_updated-panels.ipynb:cell_2:1:1: F401 'csv' imported but unused
notebooks/06_figures/2026-01-07_updated-panels.ipynb:cell_2:1:1: E402 module level import not at top of file
notebooks/06_figures/2026-01-07_updated-panels.ipynb:cell_2:2:1: E402 module level import not at top of file
notebooks/06_figures/2026-01-07_updated-panels.ipynb:cell_2:3:1: E402 module level import not at top of file
notebooks/06_figures/2026-01-07_updated-panels.ipynb:cell_2:4:1: E402 module level import not at top of file
notebooks/06_figures/2026-01-07_updated-panels.ipynb:cell_2:5:1: E402 module level import not at top of file
notebooks/06_figures/2026-01-07_updated-panels.ipynb:cell_2:6:1: E402 module level import not at top of file
notebooks/06_figures/2026-01-07_updated-panels.ipynb:cell_2:7:1: E402 module level import not at top of file
notebooks/06_figures/2026-01-07_updated-panels.ipynb:cell_4:17:80: E501 line too long (80 > 79 characters)
notebooks/06_figures/2026-01-07_updated-panels.ipynb:cell_4:31:80: E501 line too long (84 > 79 characters)
notebooks/06_figures/2026-01-07_updated-panels.ipynb:cell_16:14:80: E501 line too long (84 > 79 characters)
notebooks/06_figures/2026-01-07_updated-panels.ipynb:cell_16:15:80: E501 line too long (83 > 79 characters)
notebooks/06_figures/marker-genes-cgrp-gamma.ipynb:cell_2:1:1: E402 module level import not at top of file
notebooks/06_figures/marker-genes-cgrp-gamma.ipynb:cell_2:2:1: E402 module level import not at top of file
notebooks/06_figures/marker-genes-cgrp-gamma.ipynb:cell_2:3:1: F401 'os' imported but unused
notebooks/06_figures/marker-genes-cgrp-gamma.ipynb:cell_2:3:1: E402 module level import not at top of file
notebooks/06_figures/marker-genes-cgrp-gamma.ipynb:cell_2:4:1: E402 module level import not at top of file
notebooks/06_figures/marker-genes-cgrp-gamma.ipynb:cell_2:5:1: E402 module level import not at top of file
notebooks/06_figures/marker-genes-cgrp-gamma.ipynb:cell_2:6:1: E402 module level import not at top of file
notebooks/06_figures/marker-genes-cgrp-gamma.ipynb:cell_2:7:1: F401 'matplotlib.patches.Patch' imported but unused
notebooks/06_figures/marker-genes-cgrp-gamma.ipynb:cell_2:7:1: E402 module level import not at top of file
notebooks/06_figures/marker-genes-cgrp-gamma.ipynb:cell_2:8:1: F401 'matplotlib.colors as clr' imported but unused
notebooks/06_figures/marker-genes-cgrp-gamma.ipynb:cell_2:8:1: E402 module level import not at top of file
notebooks/06_figures/marker-genes-cgrp-gamma.ipynb:cell_2:9:1: F811 redefinition of unused 'plt' from line 13
notebooks/06_figures/marker-genes-cgrp-gamma.ipynb:cell_2:9:1: E402 module level import not at top of file
notebooks/06_figures/marker-genes-cgrp-gamma.ipynb:cell_2:10:1: F401 'numpy as np' imported but unused
notebooks/06_figures/marker-genes-cgrp-gamma.ipynb:cell_2:10:1: E402 module level import not at top of file
notebooks/06_figures/marker-genes-cgrp-gamma.ipynb:cell_2:11:1: F401 'matplotlib.colors.Normalize' imported but unused
notebooks/06_figures/marker-genes-cgrp-gamma.ipynb:cell_2:11:1: E402 module level import not at top of file
notebooks/06_figures/marker-genes-cgrp-gamma.ipynb:cell_2:12:1: F401 'matplotlib.cm' imported but unused
notebooks/06_figures/marker-genes-cgrp-gamma.ipynb:cell_2:12:1: E402 module level import not at top of file
notebooks/06_figures/marker-genes-cgrp-gamma.ipynb:cell_2:13:1: F401 'seaborn as sns' imported but unused
notebooks/06_figures/marker-genes-cgrp-gamma.ipynb:cell_2:13:1: E402 module level import not at top of file
notebooks/06_figures/marker-genes-cgrp-gamma.ipynb:cell_4:3:1: E402 module level import not at top of file
notebooks/06_figures/marker-genes-cgrp-gamma.ipynb:cell_10:2:80: E501 line too long (86 > 79 characters)
notebooks/06_figures/marker-genes-cgrp-gamma.ipynb:cell_21:1:80: E501 line too long (81 > 79 characters)
notebooks/06_figures/marker-genes-cgrp-gamma.ipynb:cell_21:2:80: E501 line too long (81 > 79 characters)
notebooks/06_figures/marker-genes-cgrp-gamma.ipynb:cell_23:1:80: E501 line too long (81 > 79 characters)
notebooks/06_figures/marker-genes-cgrp-gamma.ipynb:cell_28:10:5: F811 redefinition of unused 'sns' from line 20
notebooks/06_figures/marker-genes-cgrp-gamma.ipynb:cell_28:11:5: F401 'numpy as np' imported but unused
notebooks/06_figures/marker-genes-cgrp-gamma.ipynb:cell_28:11:5: F811 redefinition of unused 'np' from line 17
notebooks/06_figures/marker-genes-cgrp-gamma.ipynb:cell_28:25:80: E501 line too long (88 > 79 characters)
notebooks/06_figures/marker-genes-cgrp-gamma.ipynb:cell_28:33:80: E501 line too long (87 > 79 characters)
notebooks/06_figures/marker-genes-cgrp-gamma.ipynb:cell_35:10:5: F811 redefinition of unused 'sns' from line 20
notebooks/06_figures/marker-genes-cgrp-gamma.ipynb:cell_35:11:5: F401 'numpy as np' imported but unused
notebooks/06_figures/marker-genes-cgrp-gamma.ipynb:cell_35:11:5: F811 redefinition of unused 'np' from line 17
notebooks/06_figures/marker-genes-cgrp-gamma.ipynb:cell_35:25:80: E501 line too long (88 > 79 characters)
notebooks/06_figures/marker-genes-cgrp-gamma.ipynb:cell_35:33:80: E501 line too long (87 > 79 characters)
notebooks/06_figures/marker-genes.ipynb:cell_2:1:1: E402 module level import not at top of file
notebooks/06_figures/marker-genes.ipynb:cell_2:2:1: E402 module level import not at top of file
notebooks/06_figures/marker-genes.ipynb:cell_2:3:1: F401 'os' imported but unused
notebooks/06_figures/marker-genes.ipynb:cell_2:3:1: E402 module level import not at top of file
notebooks/06_figures/marker-genes.ipynb:cell_2:4:1: E402 module level import not at top of file
notebooks/06_figures/marker-genes.ipynb:cell_2:5:1: E402 module level import not at top of file
notebooks/06_figures/marker-genes.ipynb:cell_2:6:1: E402 module level import not at top of file
notebooks/06_figures/marker-genes.ipynb:cell_2:7:1: F401 'matplotlib.patches.Patch' imported but unused
notebooks/06_figures/marker-genes.ipynb:cell_2:7:1: E402 module level import not at top of file
notebooks/06_figures/marker-genes.ipynb:cell_2:8:1: F401 'matplotlib.colors as clr' imported but unused
notebooks/06_figures/marker-genes.ipynb:cell_2:8:1: E402 module level import not at top of file
notebooks/06_figures/marker-genes.ipynb:cell_2:9:1: F811 redefinition of unused 'plt' from line 13
notebooks/06_figures/marker-genes.ipynb:cell_2:9:1: E402 module level import not at top of file
notebooks/06_figures/marker-genes.ipynb:cell_2:10:1: F401 'numpy as np' imported but unused
notebooks/06_figures/marker-genes.ipynb:cell_2:10:1: E402 module level import not at top of file
notebooks/06_figures/marker-genes.ipynb:cell_2:11:1: F401 'matplotlib.colors.Normalize' imported but unused
notebooks/06_figures/marker-genes.ipynb:cell_2:11:1: E402 module level import not at top of file
notebooks/06_figures/marker-genes.ipynb:cell_2:12:1: F401 'matplotlib.cm' imported but unused
notebooks/06_figures/marker-genes.ipynb:cell_2:12:1: E402 module level import not at top of file
notebooks/06_figures/marker-genes.ipynb:cell_2:13:1: F401 'seaborn as sns' imported but unused
notebooks/06_figures/marker-genes.ipynb:cell_2:13:1: E402 module level import not at top of file
notebooks/06_figures/marker-genes.ipynb:cell_4:3:1: E402 module level import not at top of file
notebooks/06_figures/marker-genes.ipynb:cell_10:2:80: E501 line too long (86 > 79 characters)
notebooks/06_figures/marker-genes.ipynb:cell_20:1:80: E501 line too long (81 > 79 characters)
notebooks/06_figures/marker-genes.ipynb:cell_20:2:80: E501 line too long (81 > 79 characters)
notebooks/06_figures/marker-genes.ipynb:cell_22:1:80: E501 line too long (81 > 79 characters)
notebooks/06_figures/marker-genes.ipynb:cell_27:5:80: E501 line too long (80 > 79 characters)
notebooks/06_figures/marker-genes.ipynb:cell_30:5:5: F811 redefinition of unused 'sns' from line 20
notebooks/06_figures/marker-genes.ipynb:cell_30:6:5: F401 'pandas as pd' imported but unused
notebooks/06_figures/marker-genes.ipynb:cell_30:10:80: E501 line too long (82 > 79 characters)
notebooks/06_figures/marker-genes.ipynb:cell_30:11:80: E501 line too long (84 > 79 characters)
notebooks/06_figures/marker-genes.ipynb:cell_30:14:80: E501 line too long (87 > 79 characters)
notebooks/06_figures/marker-genes.ipynb:cell_32:10:5: F811 redefinition of unused 'sns' from line 20
notebooks/06_figures/marker-genes.ipynb:cell_32:11:5: F401 'numpy as np' imported but unused
notebooks/06_figures/marker-genes.ipynb:cell_32:11:5: F811 redefinition of unused 'np' from line 17
notebooks/06_figures/marker-genes.ipynb:cell_32:25:80: E501 line too long (88 > 79 characters)
notebooks/06_figures/marker-genes.ipynb:cell_32:33:80: E501 line too long (87 > 79 characters)
notebooks/06_figures/marker-genes.ipynb:cell_39:12:1: E265 block comment should start with '# '
notebooks/06_figures/marker-genes.ipynb:cell_42:10:5: F811 redefinition of unused 'sns' from line 20
notebooks/06_figures/marker-genes.ipynb:cell_42:11:5: F401 'numpy as np' imported but unused
notebooks/06_figures/marker-genes.ipynb:cell_42:11:5: F811 redefinition of unused 'np' from line 17
notebooks/06_figures/marker-genes.ipynb:cell_42:25:80: E501 line too long (88 > 79 characters)
notebooks/06_figures/marker-genes.ipynb:cell_42:33:80: E501 line too long (87 > 79 characters)
notebooks/06_figures/proportions.ipynb:cell_2:1:1: E402 module level import not at top of file
notebooks/06_figures/proportions.ipynb:cell_2:2:1: E402 module level import not at top of file
notebooks/06_figures/proportions.ipynb:cell_2:3:1: E402 module level import not at top of file
notebooks/06_figures/proportions.ipynb:cell_2:4:1: E402 module level import not at top of file
notebooks/06_figures/proportions.ipynb:cell_2:5:1: E402 module level import not at top of file
notebooks/06_figures/proportions.ipynb:cell_2:6:1: F401 'anndata as ad' imported but unused
notebooks/06_figures/proportions.ipynb:cell_2:6:1: E402 module level import not at top of file
notebooks/06_figures/proportions.ipynb:cell_2:7:1: E402 module level import not at top of file
notebooks/06_figures/proportions.ipynb:cell_2:8:1: F401 'matplotlib.lines as mlines' imported but unused
notebooks/06_figures/proportions.ipynb:cell_2:8:1: E402 module level import not at top of file
notebooks/06_figures/proportions.ipynb:cell_2:9:1: E402 module level import not at top of file
notebooks/06_figures/proportions.ipynb:cell_2:10:1: E402 module level import not at top of file
notebooks/06_figures/proportions.ipynb:cell_2:11:1: E402 module level import not at top of file
notebooks/06_figures/proportions.ipynb:cell_2:12:1: F401 'scipy.sparse' imported but unused
notebooks/06_figures/proportions.ipynb:cell_2:12:1: E402 module level import not at top of file
notebooks/06_figures/proportions.ipynb:cell_2:13:1: F401 'warnings' imported but unused
notebooks/06_figures/proportions.ipynb:cell_2:13:1: E402 module level import not at top of file
notebooks/06_figures/proportions.ipynb:cell_2:14:1: E402 module level import not at top of file
notebooks/06_figures/proportions.ipynb:cell_2:15:1: E402 module level import not at top of file
notebooks/06_figures/proportions.ipynb:cell_4:3:1: E402 module level import not at top of file
notebooks/06_figures/proportions.ipynb:cell_11:15:80: E501 line too long (82 > 79 characters)
notebooks/06_figures/proportions.ipynb:cell_11:33:5: F841 local variable 'frac_single' is assigned to but never used
notebooks/06_figures/proportions.ipynb:cell_11:55:80: E501 line too long (82 > 79 characters)
notebooks/06_figures/proportions.ipynb:cell_17:2:80: E501 line too long (81 > 79 characters)
notebooks/06_figures/proportions.ipynb:cell_18:1:80: E501 line too long (80 > 79 characters)
notebooks/06_figures/proportions.ipynb:cell_19:2:80: E501 line too long (81 > 79 characters)
notebooks/06_figures/proportions.ipynb:cell_20:10:80: E501 line too long (83 > 79 characters)
notebooks/06_figures/proportions.ipynb:cell_20:22:80: E501 line too long (87 > 79 characters)
notebooks/06_figures/proportions.ipynb:cell_21:1:80: E501 line too long (81 > 79 characters)
notebooks/06_figures/proportions.ipynb:cell_22:19:80: E501 line too long (83 > 79 characters)
notebooks/06_figures/proportions.ipynb:cell_22:37:32: E741 ambiguous variable name 'l'
notebooks/06_figures/proportions.ipynb:cell_22:44:80: E501 line too long (84 > 79 characters)
notebooks/06_figures/proportions.ipynb:cell_22:59:80: E501 line too long (88 > 79 characters)
notebooks/06_figures/proportions.ipynb:cell_25:2:80: E501 line too long (86 > 79 characters)
notebooks/06_figures/proportions.ipynb:cell_26:1:1: E402 module level import not at top of file
notebooks/06_figures/proportions.ipynb:cell_26:2:1: F811 redefinition of unused 'np' from line 12
notebooks/06_figures/proportions.ipynb:cell_26:2:1: E402 module level import not at top of file
notebooks/06_figures/proportions.ipynb:cell_26:74:80: E501 line too long (88 > 79 characters)
notebooks/06_figures/proportions.ipynb:cell_27:1:29: F821 undefined name 'bdata'
notebooks/06_figures/proportions.ipynb:cell_28:1:1: E402 module level import not at top of file
notebooks/06_figures/proportions.ipynb:cell_28:2:1: F811 redefinition of unused 'np' from line 490
notebooks/06_figures/proportions.ipynb:cell_28:2:1: E402 module level import not at top of file
notebooks/06_figures/proportions.ipynb:cell_28:3:1: E402 module level import not at top of file
notebooks/06_figures/proportions.ipynb:cell_28:57:5: F841 local variable 'bars' is assigned to but never used
notebooks/06_figures/proportions.ipynb:cell_28:70:80: E501 line too long (81 > 79 characters)
notebooks/06_figures/proportions.ipynb:cell_37:1:1: E402 module level import not at top of file
notebooks/06_figures/proportions.ipynb:cell_37:2:1: F811 redefinition of unused 'sns' from line 18
notebooks/06_figures/proportions.ipynb:cell_37:2:1: E402 module level import not at top of file
notebooks/06_figures/proportions.ipynb:cell_37:3:1: F811 redefinition of unused 'mpatches' from line 16
notebooks/06_figures/proportions.ipynb:cell_37:3:1: E402 module level import not at top of file
notebooks/06_figures/proportions.ipynb:cell_37:6:80: E501 line too long (81 > 79 characters)
notebooks/06_figures/proportions.ipynb:cell_37:36:32: E741 ambiguous variable name 'l'
notebooks/06_figures/proportions.ipynb:cell_37:56:76: E741 ambiguous variable name 'l'
notebooks/06_figures/proportions.ipynb:cell_37:56:80: E501 line too long (86 > 79 characters)
notebooks/06_figures/proportions.ipynb:cell_39:1:10: F821 undefined name 'plot_dual_positive_donut'
notebooks/06_figures/proportions.ipynb:cell_39:2:5: F821 undefined name 'bdata'
notebooks/06_figures/reference-projection.ipynb:cell_2:1:1: F401 'pathlib.Path' imported but unused
notebooks/06_figures/reference-projection.ipynb:cell_2:1:1: E402 module level import not at top of file
notebooks/06_figures/reference-projection.ipynb:cell_2:2:1: E402 module level import not at top of file
notebooks/06_figures/reference-projection.ipynb:cell_2:3:1: E402 module level import not at top of file
notebooks/06_figures/reference-projection.ipynb:cell_2:4:1: F401 'pandas as pd' imported but unused
notebooks/06_figures/reference-projection.ipynb:cell_2:4:1: E402 module level import not at top of file
notebooks/06_figures/reference-projection.ipynb:cell_2:5:1: F401 'numpy as np' imported but unused
notebooks/06_figures/reference-projection.ipynb:cell_2:5:1: E402 module level import not at top of file
notebooks/06_figures/reference-projection.ipynb:cell_2:6:1: F401 'anndata as ad' imported but unused
notebooks/06_figures/reference-projection.ipynb:cell_2:6:1: E402 module level import not at top of file
notebooks/06_figures/reference-projection.ipynb:cell_2:7:1: E402 module level import not at top of file
notebooks/06_figures/reference-projection.ipynb:cell_2:8:1: F401 'matplotlib.lines as mlines' imported but unused
notebooks/06_figures/reference-projection.ipynb:cell_2:8:1: E402 module level import not at top of file
notebooks/06_figures/reference-projection.ipynb:cell_2:9:1: F401 'matplotlib.patches as mpatches' imported but unused
notebooks/06_figures/reference-projection.ipynb:cell_2:9:1: E402 module level import not at top of file
notebooks/06_figures/reference-projection.ipynb:cell_2:10:1: E402 module level import not at top of file
notebooks/06_figures/reference-projection.ipynb:cell_2:11:1: E402 module level import not at top of file
notebooks/06_figures/reference-projection.ipynb:cell_2:12:1: F401 'scipy.sparse' imported but unused
notebooks/06_figures/reference-projection.ipynb:cell_2:12:1: E402 module level import not at top of file
notebooks/06_figures/reference-projection.ipynb:cell_2:13:1: F401 'warnings' imported but unused
notebooks/06_figures/reference-projection.ipynb:cell_2:13:1: E402 module level import not at top of file
notebooks/06_figures/reference-projection.ipynb:cell_2:14:1: F401 'session_info' imported but unused
notebooks/06_figures/reference-projection.ipynb:cell_2:14:1: E402 module level import not at top of file
notebooks/06_figures/reference-projection.ipynb:cell_2:15:1: F401 'sys' imported but unused
notebooks/06_figures/reference-projection.ipynb:cell_2:15:1: E402 module level import not at top of file
notebooks/06_figures/reference-projection.ipynb:cell_8:1:1: E402 module level import not at top of file
notebooks/06_figures/reference-projection.ipynb:cell_8:21:80: E501 line too long (87 > 79 characters)
notebooks/06_figures/reference-projection.ipynb:cell_15:1:1: E402 module level import not at top of file
notebooks/06_figures/reference-projection.ipynb:cell_15:2:1: F811 redefinition of unused 'sns' from line 18
notebooks/06_figures/reference-projection.ipynb:cell_15:2:1: E402 module level import not at top of file
notebooks/06_figures/reference-projection.ipynb:cell_19:1:1: E402 module level import not at top of file
notebooks/06_figures/reference-projection.ipynb:cell_19:2:1: E402 module level import not at top of file
notebooks/06_figures/reference-projection.ipynb:cell_19:32:80: E501 line too long (81 > 79 characters)
notebooks/06_figures/reference-projection.ipynb:cell_20:1:80: E501 line too long (88 > 79 characters)
notebooks/06_figures/sequencing.ipynb:cell_2:1:1: F401 'pathlib.Path' imported but unused
notebooks/06_figures/sequencing.ipynb:cell_2:4:1: F401 'pandas as pd' imported but unused
notebooks/06_figures/sequencing.ipynb:cell_2:5:1: F401 'numpy as np' imported but unused
notebooks/06_figures/sequencing.ipynb:cell_2:6:1: F401 'anndata as ad' imported but unused
notebooks/06_figures/sequencing.ipynb:cell_2:8:1: F401 'matplotlib.lines as mlines' imported but unused
notebooks/06_figures/sequencing.ipynb:cell_2:9:1: F401 'matplotlib.patches as mpatches' imported but unused
notebooks/06_figures/sequencing.ipynb:cell_2:10:1: F401 'matplotlib.colors as mcolors' imported but unused
notebooks/06_figures/sequencing.ipynb:cell_2:11:1: F401 'seaborn as sns' imported but unused
notebooks/06_figures/sequencing.ipynb:cell_2:12:1: F401 'scipy.sparse' imported but unused
notebooks/06_figures/sequencing.ipynb:cell_2:13:1: F401 'warnings' imported but unused
notebooks/06_figures/sequencing.ipynb:cell_2:14:1: F401 'session_info' imported but unused
notebooks/06_figures/sequencing.ipynb:cell_2:15:1: F401 'sys' imported but unused
notebooks/06_figures/visualization.ipynb:cell_2:1:1: E402 module level import not at top of file
notebooks/06_figures/visualization.ipynb:cell_2:2:1: E402 module level import not at top of file
notebooks/06_figures/visualization.ipynb:cell_2:3:1: F401 'os' imported but unused
notebooks/06_figures/visualization.ipynb:cell_2:3:1: E402 module level import not at top of file
notebooks/06_figures/visualization.ipynb:cell_2:4:1: E402 module level import not at top of file
notebooks/06_figures/visualization.ipynb:cell_2:5:1: E402 module level import not at top of file
notebooks/06_figures/visualization.ipynb:cell_2:6:1: E402 module level import not at top of file
notebooks/06_figures/visualization.ipynb:cell_2:7:1: F401 'matplotlib.patches.Patch' imported but unused
notebooks/06_figures/visualization.ipynb:cell_2:7:1: E402 module level import not at top of file
notebooks/06_figures/visualization.ipynb:cell_2:8:1: F401 'matplotlib.colors as clr' imported but unused
notebooks/06_figures/visualization.ipynb:cell_2:8:1: E402 module level import not at top of file
notebooks/06_figures/visualization.ipynb:cell_2:9:1: F811 redefinition of unused 'plt' from line 13
notebooks/06_figures/visualization.ipynb:cell_2:9:1: E402 module level import not at top of file
notebooks/06_figures/visualization.ipynb:cell_2:10:1: E402 module level import not at top of file
notebooks/06_figures/visualization.ipynb:cell_2:11:1: E402 module level import not at top of file
notebooks/06_figures/visualization.ipynb:cell_2:13:1: F401 'matplotlib.colors.Normalize' imported but unused
notebooks/06_figures/visualization.ipynb:cell_2:13:1: E402 module level import not at top of file
notebooks/06_figures/visualization.ipynb:cell_2:14:1: F401 'matplotlib.cm' imported but unused
notebooks/06_figures/visualization.ipynb:cell_2:14:1: E402 module level import not at top of file
notebooks/06_figures/visualization.ipynb:cell_2:15:1: E402 module level import not at top of file
notebooks/06_figures/visualization.ipynb:cell_4:3:1: E402 module level import not at top of file
notebooks/06_figures/visualization.ipynb:cell_7:2:80: E501 line too long (80 > 79 characters)
notebooks/06_figures/visualization.ipynb:cell_7:3:80: E501 line too long (88 > 79 characters)
notebooks/06_figures/visualization.ipynb:cell_13:1:1: E402 module level import not at top of file
notebooks/06_figures/visualization.ipynb:cell_13:2:1: E402 module level import not at top of file
notebooks/06_figures/visualization.ipynb:cell_13:5:80: E501 line too long (80 > 79 characters)
notebooks/06_figures/visualization.ipynb:cell_13:19:80: E501 line too long (88 > 79 characters)
notebooks/06_figures/visualization.ipynb:cell_13:26:5: F841 local variable 'legend' is assigned to but never used
notebooks/06_figures/visualization.ipynb:cell_24:1:1: F811 redefinition of unused 'pd' from line 12
notebooks/06_figures/visualization.ipynb:cell_24:1:1: E402 module level import not at top of file
notebooks/06_figures/visualization.ipynb:cell_24:2:1: F811 redefinition of unused 'np' from line 17
notebooks/06_figures/visualization.ipynb:cell_24:2:1: E402 module level import not at top of file
notebooks/06_figures/visualization.ipynb:cell_24:17:80: E501 line too long (84 > 79 characters)
notebooks/06_figures/visualization.ipynb:cell_26:1:80: E501 line too long (82 > 79 characters)
notebooks/06_figures/visualization.ipynb:cell_29:4:80: E501 line too long (86 > 79 characters)
notebooks/06_figures/visualization.ipynb:cell_31:34:80: E501 line too long (85 > 79 characters)
notebooks/06_figures/visualization.ipynb:cell_34:1:1: E402 module level import not at top of file
notebooks/06_figures/visualization.ipynb:cell_34:2:1: E402 module level import not at top of file
notebooks/06_figures/visualization.ipynb:cell_34:3:1: E402 module level import not at top of file
notebooks/06_figures/visualization.ipynb:cell_34:33:80: E501 line too long (88 > 79 characters)
notebooks/06_figures/visualization.ipynb:cell_35:1:1: E402 module level import not at top of file
notebooks/06_figures/visualization.ipynb:cell_35:2:1: E402 module level import not at top of file
notebooks/06_figures/visualization.ipynb:cell_35:3:1: E402 module level import not at top of file
notebooks/06_figures/visualization.ipynb:cell_35:4:1: F811 redefinition of unused 'mcolors' from line 18
notebooks/06_figures/visualization.ipynb:cell_35:4:1: E402 module level import not at top of file
notebooks/06_figures/zhen-new-figs-draft.ipynb:cell_2:1:1: E402 module level import not at top of file
notebooks/06_figures/zhen-new-figs-draft.ipynb:cell_2:2:1: E402 module level import not at top of file
notebooks/06_figures/zhen-new-figs-draft.ipynb:cell_2:3:1: F401 'os' imported but unused
notebooks/06_figures/zhen-new-figs-draft.ipynb:cell_2:3:1: E402 module level import not at top of file
notebooks/06_figures/zhen-new-figs-draft.ipynb:cell_2:4:1: E402 module level import not at top of file
notebooks/06_figures/zhen-new-figs-draft.ipynb:cell_2:5:1: E402 module level import not at top of file
notebooks/06_figures/zhen-new-figs-draft.ipynb:cell_2:6:1: E402 module level import not at top of file
notebooks/06_figures/zhen-new-figs-draft.ipynb:cell_2:7:1: F401 'matplotlib.patches.Patch' imported but unused
notebooks/06_figures/zhen-new-figs-draft.ipynb:cell_2:7:1: E402 module level import not at top of file
notebooks/06_figures/zhen-new-figs-draft.ipynb:cell_2:8:1: F401 'matplotlib.colors as clr' imported but unused
notebooks/06_figures/zhen-new-figs-draft.ipynb:cell_2:8:1: E402 module level import not at top of file
notebooks/06_figures/zhen-new-figs-draft.ipynb:cell_2:9:1: F811 redefinition of unused 'plt' from line 13
notebooks/06_figures/zhen-new-figs-draft.ipynb:cell_2:9:1: E402 module level import not at top of file
notebooks/06_figures/zhen-new-figs-draft.ipynb:cell_2:10:1: F401 'numpy as np' imported but unused
notebooks/06_figures/zhen-new-figs-draft.ipynb:cell_2:10:1: E402 module level import not at top of file
notebooks/06_figures/zhen-new-figs-draft.ipynb:cell_2:11:1: F401 'matplotlib.colors as mcolors' imported but unused
notebooks/06_figures/zhen-new-figs-draft.ipynb:cell_2:11:1: E402 module level import not at top of file
notebooks/06_figures/zhen-new-figs-draft.ipynb:cell_2:13:1: F401 'matplotlib.colors.Normalize' imported but unused
notebooks/06_figures/zhen-new-figs-draft.ipynb:cell_2:13:1: E402 module level import not at top of file
notebooks/06_figures/zhen-new-figs-draft.ipynb:cell_2:14:1: F401 'matplotlib.cm' imported but unused
notebooks/06_figures/zhen-new-figs-draft.ipynb:cell_2:14:1: E402 module level import not at top of file
notebooks/06_figures/zhen-new-figs-draft.ipynb:cell_2:15:1: F401 'seaborn as sns' imported but unused
notebooks/06_figures/zhen-new-figs-draft.ipynb:cell_2:15:1: E402 module level import not at top of file
notebooks/06_figures/zhen-new-figs-draft.ipynb:cell_4:3:1: E402 module level import not at top of file
notebooks/06_figures/zhen-new-figs-draft.ipynb:cell_10:1:80: E501 line too long (81 > 79 characters)
notebooks/06_figures/zhen-new-figs-draft.ipynb:cell_10:2:80: E501 line too long (81 > 79 characters)
notebooks/06_figures/zhen-new-figs-draft.ipynb:cell_12:1:80: E501 line too long (81 > 79 characters)
notebooks/06_figures/zhen-new-figs-draft.ipynb:cell_15:1:80: E501 line too long (82 > 79 characters)
notebooks/06_figures/zhen-new-figs-draft.ipynb:cell_16:1:80: E501 line too long (85 > 79 characters)
notebooks/06_figures/zhen-new-figs-draft.ipynb:cell_18:4:80: E501 line too long (86 > 79 characters)
notebooks/06_figures/zhen-new-figs-draft.ipynb:cell_21:3:80: E501 line too long (86 > 79 characters)
notebooks/06_figures/zhen-new-figs-draft.ipynb:cell_23:5:80: E501 line too long (86 > 79 characters)
notebooks/06_figures/zhen-new-figs-draft.ipynb:cell_28:1:1: E402 module level import not at top of file
notebooks/06_figures/zhen-new-figs-draft.ipynb:cell_28:2:1: F811 redefinition of unused 'pd' from line 12
notebooks/06_figures/zhen-new-figs-draft.ipynb:cell_28:2:1: F401 'pandas as pd' imported but unused
notebooks/06_figures/zhen-new-figs-draft.ipynb:cell_28:2:1: E402 module level import not at top of file
notebooks/06_figures/zhen-new-figs-draft.ipynb:cell_28:5:80: E501 line too long (80 > 79 characters)
notebooks/06_figures/zhen-new-figs-draft.ipynb:cell_29:1:80: E501 line too long (80 > 79 characters)
notebooks/07_geo/01_prepare-data.ipynb:cell_2:1:1: E402 module level import not at top of file
notebooks/07_geo/01_prepare-data.ipynb:cell_2:2:1: E402 module level import not at top of file
notebooks/07_geo/01_prepare-data.ipynb:cell_2:3:1: E402 module level import not at top of file
notebooks/07_geo/01_prepare-data.ipynb:cell_2:4:1: F401 'pandas as pd' imported but unused
notebooks/07_geo/01_prepare-data.ipynb:cell_2:4:1: E402 module level import not at top of file
notebooks/07_geo/01_prepare-data.ipynb:cell_2:5:1: E402 module level import not at top of file
notebooks/07_geo/01_prepare-data.ipynb:cell_2:6:1: F401 'anndata as ad' imported but unused
notebooks/07_geo/01_prepare-data.ipynb:cell_2:6:1: E402 module level import not at top of file
notebooks/07_geo/01_prepare-data.ipynb:cell_2:7:1: E402 module level import not at top of file
notebooks/07_geo/01_prepare-data.ipynb:cell_2:8:1: F401 'matplotlib.lines as mlines' imported but unused
notebooks/07_geo/01_prepare-data.ipynb:cell_2:8:1: E402 module level import not at top of file
notebooks/07_geo/01_prepare-data.ipynb:cell_2:9:1: F401 'matplotlib.patches as mpatches' imported but unused
notebooks/07_geo/01_prepare-data.ipynb:cell_2:9:1: E402 module level import not at top of file
notebooks/07_geo/01_prepare-data.ipynb:cell_2:10:1: F401 'matplotlib.colors as mcolors' imported but unused
notebooks/07_geo/01_prepare-data.ipynb:cell_2:10:1: E402 module level import not at top of file
notebooks/07_geo/01_prepare-data.ipynb:cell_2:11:1: E402 module level import not at top of file
notebooks/07_geo/01_prepare-data.ipynb:cell_2:12:1: F401 'scipy.sparse' imported but unused
notebooks/07_geo/01_prepare-data.ipynb:cell_2:12:1: E402 module level import not at top of file
notebooks/07_geo/01_prepare-data.ipynb:cell_2:13:1: F401 'warnings' imported but unused
notebooks/07_geo/01_prepare-data.ipynb:cell_2:13:1: E402 module level import not at top of file
notebooks/07_geo/01_prepare-data.ipynb:cell_2:14:1: E402 module level import not at top of file
notebooks/07_geo/01_prepare-data.ipynb:cell_2:15:1: E402 module level import not at top of file
notebooks/07_geo/01_prepare-data.ipynb:cell_4:3:1: E402 module level import not at top of file
notebooks/07_geo/01_prepare-data.ipynb:cell_5:6:80: E501 line too long (85 > 79 characters)
notebooks/07_geo/01_prepare-data.ipynb:cell_5:9:80: E501 line too long (84 > 79 characters)
notebooks/07_geo/01_prepare-data.ipynb:cell_13:3:80: E501 line too long (96 > 79 characters)
notebooks/07_geo/01_prepare-data.ipynb:cell_16:1:80: E501 line too long (95 > 79 characters)
notebooks/07_geo/01_prepare-data.ipynb:cell_16:7:80: E501 line too long (84 > 79 characters)
notebooks/07_geo/01_prepare-data.ipynb:cell_21:15:80: E501 line too long (89 > 79 characters)
notebooks/07_geo/01_prepare-data.ipynb:cell_21:18:80: E501 line too long (89 > 79 characters)
notebooks/07_geo/01_prepare-data.ipynb:cell_22:1:80: E501 line too long (81 > 79 characters)
notebooks/07_geo/02_check-processed-data.ipynb:cell_2:1:1: F401 'pathlib.Path' imported but unused
notebooks/07_geo/02_check-processed-data.ipynb:cell_2:1:1: E402 module level import not at top of file
notebooks/07_geo/02_check-processed-data.ipynb:cell_2:2:1: E402 module level import not at top of file
notebooks/07_geo/02_check-processed-data.ipynb:cell_2:3:1: E402 module level import not at top of file
notebooks/07_geo/02_check-processed-data.ipynb:cell_2:4:1: E402 module level import not at top of file
notebooks/07_geo/02_check-processed-data.ipynb:cell_2:5:1: F401 'anndata as ad' imported but unused
notebooks/07_geo/02_check-processed-data.ipynb:cell_2:5:1: E402 module level import not at top of file
notebooks/07_geo/02_check-processed-data.ipynb:cell_2:6:1: F401 'warnings' imported but unused
notebooks/07_geo/02_check-processed-data.ipynb:cell_2:6:1: E402 module level import not at top of file
notebooks/07_geo/02_check-processed-data.ipynb:cell_2:7:1: E402 module level import not at top of file
notebooks/07_geo/02_check-processed-data.ipynb:cell_2:8:1: E402 module level import not at top of file
notebooks/07_geo/02_check-processed-data.ipynb:cell_3:1:1: F821 undefined name 'plt'
notebooks/07_geo/02_check-processed-data.ipynb:cell_3:2:1: F821 undefined name 'plt'
notebooks/07_geo/02_check-processed-data.ipynb:cell_4:1:1: F821 undefined name 'adata'
notebooks/07_geo/03_hise-dl.ipynb:cell_2:1:1: E402 module level import not at top of file
notebooks/07_geo/03_hise-dl.ipynb:cell_2:2:1: E402 module level import not at top of file
notebooks/07_geo/03_hise-dl.ipynb:cell_2:3:1: E402 module level import not at top of file
notebooks/07_geo/03_hise-dl.ipynb:cell_2:4:1: E402 module level import not at top of file
notebooks/07_geo/03_hise-dl.ipynb:cell_2:5:1: E402 module level import not at top of file
notebooks/07_geo/04_extract-organize-files.ipynb:cell_2:1:1: F401 'os' imported but unused
notebooks/07_geo/04_extract-organize-files.ipynb:cell_2:1:1: E402 module level import not at top of file
notebooks/07_geo/04_extract-organize-files.ipynb:cell_2:2:1: E402 module level import not at top of file
notebooks/07_geo/04_extract-organize-files.ipynb:cell_2:3:1: E402 module level import not at top of file
notebooks/07_geo/04_extract-organize-files.ipynb:cell_2:4:1: E402 module level import not at top of file
notebooks/07_geo/04_extract-organize-files.ipynb:cell_2:5:1: E402 module level import not at top of file
notebooks/07_geo/04_extract-organize-files.ipynb:cell_6:3:80: E501 line too long (88 > 79 characters)
notebooks/07_geo/04_extract-organize-files.ipynb:cell_8:10:80: E501 line too long (80 > 79 characters)
notebooks/07_geo/05_confirm-file-size.ipynb:cell_2:1:1: E402 module level import not at top of file
notebooks/07_geo/05_confirm-file-size.ipynb:cell_3:1:1: E402 module level import not at top of file
notebooks/07_geo/05_confirm-file-size.ipynb:cell_3:2:1: E402 module level import not at top of file
notebooks/07_geo/05_confirm-file-size.ipynb:cell_3:3:1: E402 module level import not at top of file
notebooks/07_geo/05_confirm-file-size.ipynb:cell_3:4:1: E402 module level import not at top of file
notebooks/07_geo/05_confirm-file-size.ipynb:cell_5:17:80: E501 line too long (99 > 79 characters)
notebooks/07_geo/05_confirm-file-size.ipynb:cell_5:23:80: E501 line too long (113 > 79 characters)
notebooks/07_geo/05_confirm-file-size.ipynb:cell_10:1:1: E266 too many leading '#' for block comment
notebooks/07_geo/05_confirm-file-size.ipynb:cell_10:1:80: E501 line too long (138 > 79 characters)
notebooks/07_geo/test-dl.ipynb:cell_2:1:1: E402 module level import not at top of file
notebooks/07_geo/test-dl.ipynb:cell_2:2:1: E402 module level import not at top of file
notebooks/07_geo/test-dl.ipynb:cell_2:3:1: E402 module level import not at top of file
notebooks/07_geo/test-dl.ipynb:cell_2:4:1: E402 module level import not at top of file
notebooks/07_geo/test-dl.ipynb:cell_2:5:1: F401 'sys' imported but unused
notebooks/07_geo/test-dl.ipynb:cell_2:5:1: E402 module level import not at top of file
notebooks/07_geo/zippy-zip-zip.ipynb:cell_2:1:1: E402 module level import not at top of file
notebooks/07_geo/zippy-zip-zip.ipynb:cell_2:2:1: E402 module level import not at top of file
