notebooks/01_pre-processing/01_create-anndata.ipynb:cell_1:4:1: F401 'numpy as np' imported but unused
notebooks/01_pre-processing/01_create-anndata.ipynb:cell_1:6:1: F401 'anndata as ad' imported but unused
notebooks/01_pre-processing/01_create-anndata.ipynb:cell_1:8:1: F401 'squidpy as sq' imported but unused
notebooks/01_pre-processing/01_create-anndata.ipynb:cell_1:10:1: F401 'seaborn as sns' imported but unused
notebooks/01_pre-processing/01_create-anndata.ipynb:cell_10:1:44: F811 redefinition of unused 'ad' from line 7
notebooks/01_pre-processing/02_qc-filters.ipynb:cell_2:4:1: F401 'numpy as np' imported but unused
notebooks/01_pre-processing/02_qc-filters.ipynb:cell_2:5:1: F401 'pandas as pd' imported but unused
notebooks/01_pre-processing/03_qc-figs.ipynb:cell_1:5:1: F401 'warnings' imported but unused
notebooks/01_pre-processing/03_qc-figs.ipynb:cell_1:8:1: F401 'sys' imported but unused
notebooks/01_pre-processing/03_qc-figs.ipynb:cell_1:9:1: F401 'anndata as ad' imported but unused
notebooks/01_pre-processing/03_qc-figs.ipynb:cell_1:10:1: F401 'session_info' imported but unused
notebooks/02_integration/01_scvi.ipynb:cell_2:7:1: F401 'collections.Counter' imported but unused
notebooks/02_integration/01_scvi.ipynb:cell_2:8:1: F401 'anndata as ad' imported but unused
notebooks/02_integration/01_scvi.ipynb:cell_2:12:1: F401 'torch' imported but unused
notebooks/02_integration/02_clustering.ipynb:cell_2:5:1: F401 'scipy.sparse.issparse' imported but unused
notebooks/02_integration/02_clustering.ipynb:cell_2:5:1: F401 'scipy.sparse.csr_matrix' imported but unused
notebooks/02_integration/02_clustering.ipynb:cell_2:7:1: F811 redefinition of unused 'np' from line 11
notebooks/02_integration/02_clustering.ipynb:cell_2:8:1: F401 'anndata as ad' imported but unused
notebooks/03_cell-labels/00_reference-dataset.ipynb:cell_1:6:1: F401 'pandas as pd' imported but unused
notebooks/03_cell-labels/00_reference-dataset.ipynb:cell_1:9:1: F401 'collections.Counter' imported but unused
notebooks/03_cell-labels/00_reference-dataset.ipynb:cell_1:13:1: F401 'torch' imported but unused
notebooks/03_cell-labels/01_scanvi-labels.ipynb:cell_2:4:1: F401 'scipy.sparse.issparse' imported but unused
notebooks/03_cell-labels/01_scanvi-labels.ipynb:cell_2:9:1: F401 'collections.Counter' imported but unused
notebooks/03_cell-labels/01_scanvi-labels.ipynb:cell_2:13:1: F401 'torch' imported but unused
notebooks/03_cell-labels/01_scanvi-labels.ipynb:cell_65:1:1: F811 redefinition of unused 'np' from line 14
notebooks/03_cell-labels/01_scanvi-labels.ipynb:cell_68:1:1: F811 redefinition of unused 'np' from line 451
notebooks/03_cell-labels/02_export-anndata.ipynb:cell_1:6:1: F401 'scipy.sparse.csr_matrix' imported but unused
notebooks/03_cell-labels/02_export-anndata.ipynb:cell_1:7:1: F811 redefinition of unused 'pd' from line 4
notebooks/03_cell-labels/02_export-anndata.ipynb:cell_1:8:1: F811 redefinition of unused 'scipy' from line 6
notebooks/03_cell-labels/02_export-anndata.ipynb:cell_1:10:1: F811 redefinition of unused 'Path' from line 3
notebooks/03_cell-labels/02_export-anndata.ipynb:cell_1:12:1: F401 'session_info' imported but unused
notebooks/03_cell-labels/05_merge-annotations.ipynb:cell_1:5:1: F401 'numpy as np' imported but unused
notebooks/03_cell-labels/05_merge-annotations.ipynb:cell_1:6:1: F401 'anndata as ad' imported but unused
notebooks/03_cell-labels/05_merge-annotations.ipynb:cell_1:7:1: F401 'warnings' imported but unused
notebooks/03_cell-labels/05_merge-annotations.ipynb:cell_16:1:1: F811 redefinition of unused 'plt' from line 9
notebooks/03_cell-labels/06_gaussian-fit.ipynb:cell_2:4:1: F401 'pandas as pd' imported but unused
notebooks/03_cell-labels/06_gaussian-fit.ipynb:cell_2:8:1: F401 'matplotlib.lines as mlines' imported but unused
notebooks/03_cell-labels/06_gaussian-fit.ipynb:cell_2:9:1: F401 'matplotlib.patches as mpatches' imported but unused
notebooks/03_cell-labels/06_gaussian-fit.ipynb:cell_2:10:1: F401 'sklearn.mixture.GaussianMixture' imported but unused
notebooks/03_cell-labels/06_gaussian-fit.ipynb:cell_2:12:1: F401 'scipy.sparse' imported but unused
notebooks/03_cell-labels/06_gaussian-fit.ipynb:cell_2:13:1: F401 'warnings' imported but unused
notebooks/03_cell-labels/06_gaussian-fit.ipynb:cell_2:14:1: F401 'session_info' imported but unused
notebooks/04_global/01_global-mapping.ipynb:cell_2:2:1: F401 'os' imported but unused
notebooks/04_global/01_global-mapping.ipynb:cell_2:6:1: F401 'anndata as ad' imported but unused
notebooks/04_global/01_global-mapping.ipynb:cell_2:8:1: F401 'matplotlib.lines as mlines' imported but unused
notebooks/04_global/01_global-mapping.ipynb:cell_2:9:1: F401 'matplotlib.patches as mpatches' imported but unused
notebooks/04_global/01_global-mapping.ipynb:cell_2:10:1: F401 'sklearn.mixture.GaussianMixture' imported but unused
notebooks/04_global/01_global-mapping.ipynb:cell_2:12:1: F401 'scipy.sparse' imported but unused
notebooks/04_global/01_global-mapping.ipynb:cell_2:13:1: F401 'warnings' imported but unused
notebooks/04_global/01_global-mapping.ipynb:cell_2:14:1: F401 'session_info' imported but unused
notebooks/04_global/01_global-mapping.ipynb:cell_11:3:1: F821 undefined name 'display'
notebooks/04_global/01_global-mapping.ipynb:cell_11:12:1: F821 undefined name 'display'
notebooks/04_global/01_global-mapping.ipynb:cell_12:3:1: F821 undefined name 'display'
notebooks/04_global/01_global-mapping.ipynb:cell_12:12:1: F821 undefined name 'display'
notebooks/05_neurons/01_scvi-neurons.ipynb:cell_2:7:1: F401 'collections.Counter' imported but unused
notebooks/05_neurons/01_scvi-neurons.ipynb:cell_2:8:1: F401 'anndata as ad' imported but unused
notebooks/05_neurons/01_scvi-neurons.ipynb:cell_2:12:1: F401 'torch' imported but unused
notebooks/05_neurons/02_recluster-neurons.ipynb:cell_2:5:1: F401 'numpy as np' imported but unused
notebooks/05_neurons/02_recluster-neurons.ipynb:cell_2:6:1: F401 'anndata as ad' imported but unused
notebooks/05_neurons/02_recluster-neurons.ipynb:cell_2:8:1: F401 'matplotlib.lines as mlines' imported but unused
notebooks/05_neurons/02_recluster-neurons.ipynb:cell_2:9:1: F401 'matplotlib.patches as mpatches' imported but unused
notebooks/05_neurons/02_recluster-neurons.ipynb:cell_2:12:1: F401 'scipy.sparse' imported but unused
notebooks/05_neurons/02_recluster-neurons.ipynb:cell_2:13:1: F401 'warnings' imported but unused
notebooks/05_neurons/02_recluster-neurons.ipynb:cell_44:26:1: F821 undefined name 'display'
notebooks/05_neurons/02_recluster-neurons.ipynb:cell_49:45:5: F821 undefined name 'display'
notebooks/05_neurons/02_recluster-neurons.ipynb:cell_50:16:1: F821 undefined name 'display'
notebooks/05_neurons/02_recluster-neurons.ipynb:cell_51:24:1: F821 undefined name 'display'
notebooks/05_neurons/03_split-cgrp-gamma.ipynb:cell_2:5:1: F401 'pandas as pd' imported but unused
notebooks/05_neurons/03_split-cgrp-gamma.ipynb:cell_2:7:1: F401 'matplotlib.patches.Patch' imported but unused
notebooks/05_neurons/03_split-cgrp-gamma.ipynb:cell_2:8:1: F401 'matplotlib.patches as mpatches' imported but unused
notebooks/05_neurons/03_split-cgrp-gamma.ipynb:cell_2:9:1: F401 'matplotlib.colors as clr' imported but unused
notebooks/05_neurons/03_split-cgrp-gamma.ipynb:cell_2:10:1: F811 redefinition of unused 'plt' from line 13
notebooks/05_neurons/03_split-cgrp-gamma.ipynb:cell_2:13:1: F401 'math' imported but unused
notebooks/05_neurons/03_split-cgrp-gamma.ipynb:cell_2:14:1: F401 'matplotlib.colors.Normalize' imported but unused
notebooks/05_neurons/03_split-cgrp-gamma.ipynb:cell_2:15:1: F401 'matplotlib.cm' imported but unused
notebooks/06_figures/01_matrixplot.ipynb:cell_2:3:1: F401 'os' imported but unused
notebooks/06_figures/01_matrixplot.ipynb:cell_2:5:1: F401 'pandas as pd' imported but unused
notebooks/06_figures/01_matrixplot.ipynb:cell_2:7:1: F401 'matplotlib.patches.Patch' imported but unused
notebooks/06_figures/01_matrixplot.ipynb:cell_2:8:1: F401 'matplotlib.colors as clr' imported but unused
notebooks/06_figures/01_matrixplot.ipynb:cell_2:9:1: F811 redefinition of unused 'plt' from line 13
notebooks/06_figures/01_matrixplot.ipynb:cell_2:11:1: F401 'matplotlib.colors as mcolors' imported but unused
notebooks/06_figures/01_matrixplot.ipynb:cell_2:13:1: F401 'matplotlib.colors.Normalize' imported but unused
notebooks/06_figures/01_matrixplot.ipynb:cell_2:14:1: F401 'matplotlib.cm' imported but unused
notebooks/06_figures/01_matrixplot.ipynb:cell_2:15:1: F401 'seaborn as sns' imported but unused
notebooks/06_figures/04_histograms.ipynb:cell_2:3:1: F401 'os' imported but unused
notebooks/06_figures/04_histograms.ipynb:cell_2:7:1: F401 'matplotlib.patches.Patch' imported but unused
notebooks/06_figures/04_histograms.ipynb:cell_2:9:1: F401 'matplotlib.colors as clr' imported but unused
notebooks/06_figures/04_histograms.ipynb:cell_2:10:1: F811 redefinition of unused 'plt' from line 13
notebooks/06_figures/04_histograms.ipynb:cell_2:12:1: F401 'matplotlib.colors as mcolors' imported but unused
notebooks/06_figures/04_histograms.ipynb:cell_2:14:1: F401 'matplotlib.colors.Normalize' imported but unused
notebooks/06_figures/04_histograms.ipynb:cell_2:15:1: F401 'matplotlib.cm' imported but unused
notebooks/06_figures/2026-01-07_updated-panels.ipynb:cell_2:1:1: F401 'csv' imported but unused
notebooks/06_figures/marker-genes-cgrp-gamma.ipynb:cell_2:3:1: F401 'os' imported but unused
notebooks/06_figures/marker-genes-cgrp-gamma.ipynb:cell_2:7:1: F401 'matplotlib.patches.Patch' imported but unused
notebooks/06_figures/marker-genes-cgrp-gamma.ipynb:cell_2:8:1: F401 'matplotlib.colors as clr' imported but unused
notebooks/06_figures/marker-genes-cgrp-gamma.ipynb:cell_2:9:1: F811 redefinition of unused 'plt' from line 13
notebooks/06_figures/marker-genes-cgrp-gamma.ipynb:cell_2:10:1: F401 'numpy as np' imported but unused
notebooks/06_figures/marker-genes-cgrp-gamma.ipynb:cell_2:11:1: F401 'matplotlib.colors.Normalize' imported but unused
notebooks/06_figures/marker-genes-cgrp-gamma.ipynb:cell_2:12:1: F401 'matplotlib.cm' imported but unused
notebooks/06_figures/marker-genes-cgrp-gamma.ipynb:cell_2:13:1: F401 'seaborn as sns' imported but unused
notebooks/06_figures/marker-genes-cgrp-gamma.ipynb:cell_28:10:5: F811 redefinition of unused 'sns' from line 20
notebooks/06_figures/marker-genes-cgrp-gamma.ipynb:cell_28:11:5: F401 'numpy as np' imported but unused
notebooks/06_figures/marker-genes-cgrp-gamma.ipynb:cell_28:11:5: F811 redefinition of unused 'np' from line 17
notebooks/06_figures/marker-genes-cgrp-gamma.ipynb:cell_35:10:5: F811 redefinition of unused 'sns' from line 20
notebooks/06_figures/marker-genes-cgrp-gamma.ipynb:cell_35:11:5: F401 'numpy as np' imported but unused
notebooks/06_figures/marker-genes-cgrp-gamma.ipynb:cell_35:11:5: F811 redefinition of unused 'np' from line 17
notebooks/06_figures/marker-genes.ipynb:cell_2:3:1: F401 'os' imported but unused
notebooks/06_figures/marker-genes.ipynb:cell_2:7:1: F401 'matplotlib.patches.Patch' imported but unused
notebooks/06_figures/marker-genes.ipynb:cell_2:8:1: F401 'matplotlib.colors as clr' imported but unused
notebooks/06_figures/marker-genes.ipynb:cell_2:9:1: F811 redefinition of unused 'plt' from line 13
notebooks/06_figures/marker-genes.ipynb:cell_2:10:1: F401 'numpy as np' imported but unused
notebooks/06_figures/marker-genes.ipynb:cell_2:11:1: F401 'matplotlib.colors.Normalize' imported but unused
notebooks/06_figures/marker-genes.ipynb:cell_2:12:1: F401 'matplotlib.cm' imported but unused
notebooks/06_figures/marker-genes.ipynb:cell_2:13:1: F401 'seaborn as sns' imported but unused
notebooks/06_figures/marker-genes.ipynb:cell_30:5:5: F811 redefinition of unused 'sns' from line 20
notebooks/06_figures/marker-genes.ipynb:cell_30:6:5: F401 'pandas as pd' imported but unused
notebooks/06_figures/marker-genes.ipynb:cell_32:10:5: F811 redefinition of unused 'sns' from line 20
notebooks/06_figures/marker-genes.ipynb:cell_32:11:5: F401 'numpy as np' imported but unused
notebooks/06_figures/marker-genes.ipynb:cell_32:11:5: F811 redefinition of unused 'np' from line 17
notebooks/06_figures/marker-genes.ipynb:cell_42:10:5: F811 redefinition of unused 'sns' from line 20
notebooks/06_figures/marker-genes.ipynb:cell_42:11:5: F401 'numpy as np' imported but unused
notebooks/06_figures/marker-genes.ipynb:cell_42:11:5: F811 redefinition of unused 'np' from line 17
notebooks/06_figures/proportions.ipynb:cell_2:6:1: F401 'anndata as ad' imported but unused
notebooks/06_figures/proportions.ipynb:cell_2:8:1: F401 'matplotlib.lines as mlines' imported but unused
notebooks/06_figures/proportions.ipynb:cell_2:12:1: F401 'scipy.sparse' imported but unused
notebooks/06_figures/proportions.ipynb:cell_2:13:1: F401 'warnings' imported but unused
notebooks/06_figures/proportions.ipynb:cell_11:33:5: F841 local variable 'frac_single' is assigned to but never used
notebooks/06_figures/proportions.ipynb:cell_26:2:1: F811 redefinition of unused 'np' from line 12
notebooks/06_figures/proportions.ipynb:cell_27:1:29: F821 undefined name 'bdata'
notebooks/06_figures/proportions.ipynb:cell_28:2:1: F811 redefinition of unused 'np' from line 490
notebooks/06_figures/proportions.ipynb:cell_28:57:5: F841 local variable 'bars' is assigned to but never used
notebooks/06_figures/proportions.ipynb:cell_37:2:1: F811 redefinition of unused 'sns' from line 18
notebooks/06_figures/proportions.ipynb:cell_37:3:1: F811 redefinition of unused 'mpatches' from line 16
notebooks/06_figures/proportions.ipynb:cell_39:1:10: F821 undefined name 'plot_dual_positive_donut'
notebooks/06_figures/proportions.ipynb:cell_39:2:5: F821 undefined name 'bdata'
notebooks/06_figures/reference-projection.ipynb:cell_2:1:1: F401 'pathlib.Path' imported but unused
notebooks/06_figures/reference-projection.ipynb:cell_2:4:1: F401 'pandas as pd' imported but unused
notebooks/06_figures/reference-projection.ipynb:cell_2:5:1: F401 'numpy as np' imported but unused
notebooks/06_figures/reference-projection.ipynb:cell_2:6:1: F401 'anndata as ad' imported but unused
notebooks/06_figures/reference-projection.ipynb:cell_2:8:1: F401 'matplotlib.lines as mlines' imported but unused
notebooks/06_figures/reference-projection.ipynb:cell_2:9:1: F401 'matplotlib.patches as mpatches' imported but unused
notebooks/06_figures/reference-projection.ipynb:cell_2:12:1: F401 'scipy.sparse' imported but unused
notebooks/06_figures/reference-projection.ipynb:cell_2:13:1: F401 'warnings' imported but unused
notebooks/06_figures/reference-projection.ipynb:cell_2:14:1: F401 'session_info' imported but unused
notebooks/06_figures/reference-projection.ipynb:cell_2:15:1: F401 'sys' imported but unused
notebooks/06_figures/reference-projection.ipynb:cell_15:2:1: F811 redefinition of unused 'sns' from line 18
notebooks/06_figures/sequencing.ipynb:cell_2:1:1: F401 'pathlib.Path' imported but unused
notebooks/06_figures/sequencing.ipynb:cell_2:4:1: F401 'pandas as pd' imported but unused
notebooks/06_figures/sequencing.ipynb:cell_2:5:1: F401 'numpy as np' imported but unused
notebooks/06_figures/sequencing.ipynb:cell_2:6:1: F401 'anndata as ad' imported but unused
notebooks/06_figures/sequencing.ipynb:cell_2:8:1: F401 'matplotlib.lines as mlines' imported but unused
notebooks/06_figures/sequencing.ipynb:cell_2:9:1: F401 'matplotlib.patches as mpatches' imported but unused
notebooks/06_figures/sequencing.ipynb:cell_2:10:1: F401 'matplotlib.colors as mcolors' imported but unused
notebooks/06_figures/sequencing.ipynb:cell_2:11:1: F401 'seaborn as sns' imported but unused
notebooks/06_figures/sequencing.ipynb:cell_2:12:1: F401 'scipy.sparse' imported but unused
notebooks/06_figures/sequencing.ipynb:cell_2:13:1: F401 'warnings' imported but unused
notebooks/06_figures/sequencing.ipynb:cell_2:14:1: F401 'session_info' imported but unused
notebooks/06_figures/sequencing.ipynb:cell_2:15:1: F401 'sys' imported but unused
notebooks/06_figures/visualization.ipynb:cell_2:3:1: F401 'os' imported but unused
notebooks/06_figures/visualization.ipynb:cell_2:7:1: F401 'matplotlib.patches.Patch' imported but unused
notebooks/06_figures/visualization.ipynb:cell_2:8:1: F401 'matplotlib.colors as clr' imported but unused
notebooks/06_figures/visualization.ipynb:cell_2:9:1: F811 redefinition of unused 'plt' from line 13
notebooks/06_figures/visualization.ipynb:cell_2:13:1: F401 'matplotlib.colors.Normalize' imported but unused
notebooks/06_figures/visualization.ipynb:cell_2:14:1: F401 'matplotlib.cm' imported but unused
notebooks/06_figures/visualization.ipynb:cell_13:26:5: F841 local variable 'legend' is assigned to but never used
notebooks/06_figures/visualization.ipynb:cell_24:1:1: F811 redefinition of unused 'pd' from line 12
notebooks/06_figures/visualization.ipynb:cell_24:2:1: F811 redefinition of unused 'np' from line 17
notebooks/06_figures/visualization.ipynb:cell_35:4:1: F811 redefinition of unused 'mcolors' from line 18
notebooks/06_figures/zhen-new-figs-draft.ipynb:cell_2:3:1: F401 'os' imported but unused
notebooks/06_figures/zhen-new-figs-draft.ipynb:cell_2:7:1: F401 'matplotlib.patches.Patch' imported but unused
notebooks/06_figures/zhen-new-figs-draft.ipynb:cell_2:8:1: F401 'matplotlib.colors as clr' imported but unused
notebooks/06_figures/zhen-new-figs-draft.ipynb:cell_2:9:1: F811 redefinition of unused 'plt' from line 13
notebooks/06_figures/zhen-new-figs-draft.ipynb:cell_2:10:1: F401 'numpy as np' imported but unused
notebooks/06_figures/zhen-new-figs-draft.ipynb:cell_2:11:1: F401 'matplotlib.colors as mcolors' imported but unused
notebooks/06_figures/zhen-new-figs-draft.ipynb:cell_2:13:1: F401 'matplotlib.colors.Normalize' imported but unused
notebooks/06_figures/zhen-new-figs-draft.ipynb:cell_2:14:1: F401 'matplotlib.cm' imported but unused
notebooks/06_figures/zhen-new-figs-draft.ipynb:cell_2:15:1: F401 'seaborn as sns' imported but unused
notebooks/06_figures/zhen-new-figs-draft.ipynb:cell_28:2:1: F811 redefinition of unused 'pd' from line 12
notebooks/06_figures/zhen-new-figs-draft.ipynb:cell_28:2:1: F401 'pandas as pd' imported but unused
notebooks/07_geo/01_prepare-data.ipynb:cell_2:4:1: F401 'pandas as pd' imported but unused
notebooks/07_geo/01_prepare-data.ipynb:cell_2:6:1: F401 'anndata as ad' imported but unused
notebooks/07_geo/01_prepare-data.ipynb:cell_2:8:1: F401 'matplotlib.lines as mlines' imported but unused
notebooks/07_geo/01_prepare-data.ipynb:cell_2:9:1: F401 'matplotlib.patches as mpatches' imported but unused
notebooks/07_geo/01_prepare-data.ipynb:cell_2:10:1: F401 'matplotlib.colors as mcolors' imported but unused
notebooks/07_geo/01_prepare-data.ipynb:cell_2:12:1: F401 'scipy.sparse' imported but unused
notebooks/07_geo/01_prepare-data.ipynb:cell_2:13:1: F401 'warnings' imported but unused
notebooks/07_geo/02_check-processed-data.ipynb:cell_2:1:1: F401 'pathlib.Path' imported but unused
notebooks/07_geo/02_check-processed-data.ipynb:cell_2:5:1: F401 'anndata as ad' imported but unused
notebooks/07_geo/02_check-processed-data.ipynb:cell_2:6:1: F401 'warnings' imported but unused
notebooks/07_geo/02_check-processed-data.ipynb:cell_3:1:1: F821 undefined name 'plt'
notebooks/07_geo/02_check-processed-data.ipynb:cell_3:2:1: F821 undefined name 'plt'
notebooks/07_geo/02_check-processed-data.ipynb:cell_4:1:1: F821 undefined name 'adata'
notebooks/07_geo/04_extract-organize-files.ipynb:cell_2:1:1: F401 'os' imported but unused
notebooks/07_geo/test-dl.ipynb:cell_2:5:1: F401 'sys' imported but unused
